{"kind": "host", "numpy": "2.3.5", "build_id": "abi1-9c938837e3a3-Darwin-arm64-threads-align32"}
{"kind":"memory","stage":"start","cycle":-1,"sample":-1,"rss_bytes":37273600,"peak_rss_bytes":37273600}
{"kind":"prepare","cycle":0,"ns":332750.0,"params":10,"ops":7,"slots":16,"slot_elements":44,"adjoint_elements":25}
{"kind":"memory","stage":"prepared","cycle":0,"sample":-1,"rss_bytes":39206912,"peak_rss_bytes":39206912}
{"kind":"memory","stage":"warmed","cycle":0,"sample":-1,"rss_bytes":39518208,"peak_rss_bytes":39518208}
{"kind":"warmup","cycle":0,"chain":0,"requested_ms":500,"wall_ns":500024583.0,"gradients":2378984}
{"kind":"placement","mode":"main","cycle":0,"chain":0,"field":"gradient","address":34011185312,"bytes":80}
{"kind":"placement","mode":"main","cycle":0,"chain":0,"field":"gradient_object","address":4363220320,"bytes":16}
{"kind":"placement","mode":"main","cycle":0,"chain":0,"field":"lp","address":4363220360,"bytes":8}
{"kind":"placement","mode":"main","cycle":0,"chain":0,"field":"values","address":34006783008,"bytes":200}
{"kind":"warmup","cycle":0,"chain":1,"requested_ms":500,"wall_ns":500052625.0,"gradients":2144488}
{"kind":"placement","mode":"main","cycle":0,"chain":1,"field":"gradient","address":34011186032,"bytes":80}
{"kind":"placement","mode":"main","cycle":0,"chain":1,"field":"gradient_object","address":4363220416,"bytes":16}
{"kind":"placement","mode":"main","cycle":0,"chain":1,"field":"lp","address":4363220456,"bytes":8}
{"kind":"placement","mode":"main","cycle":0,"chain":1,"field":"values","address":34006783456,"bytes":200}
{"kind":"warmup","cycle":0,"chain":2,"requested_ms":500,"wall_ns":500003708.0,"gradients":2287592}
{"kind":"placement","mode":"main","cycle":0,"chain":2,"field":"gradient","address":34011186752,"bytes":80}
{"kind":"placement","mode":"main","cycle":0,"chain":2,"field":"gradient_object","address":4363223424,"bytes":16}
{"kind":"placement","mode":"main","cycle":0,"chain":2,"field":"lp","address":4363223464,"bytes":8}
{"kind":"placement","mode":"main","cycle":0,"chain":2,"field":"values","address":34006783904,"bytes":200}
{"kind":"warmup","cycle":0,"chain":3,"requested_ms":500,"wall_ns":500019083.0,"gradients":2243048}
{"kind":"placement","mode":"main","cycle":0,"chain":3,"field":"gradient","address":34011187472,"bytes":80}
{"kind":"placement","mode":"main","cycle":0,"chain":3,"field":"gradient_object","address":4363224352,"bytes":16}
{"kind":"placement","mode":"main","cycle":0,"chain":3,"field":"lp","address":4363224392,"bytes":8}
{"kind":"placement","mode":"main","cycle":0,"chain":3,"field":"values","address":34006784352,"bytes":200}
{"kind":"timing","cycle":0,"sample":0,"reps":128,"chains":4,"wall_ns":43541.0,"ns_per_gradient":85.0410}
{"kind":"memory","stage":"measured","cycle":0,"sample":0,"rss_bytes":39518208,"peak_rss_bytes":39518208}
{"kind":"first_gradient","cycle":0,"chain":0,"ns":78417.0}
{"kind":"first_gradient","cycle":0,"chain":1,"ns":75333.0}
{"kind":"first_gradient","cycle":0,"chain":2,"ns":69083.0}
{"kind":"first_gradient","cycle":0,"chain":3,"ns":64084.0}
{"kind":"memory","stage":"joined","cycle":0,"sample":-1,"rss_bytes":39452672,"peak_rss_bytes":39583744}
{"kind":"memory","stage":"destroyed","cycle":0,"sample":-1,"rss_bytes":39452672,"peak_rss_bytes":39583744}
