{"kind": "host", "numpy": "2.3.5", "build_id": "abi1-9c938837e3a3-Darwin-arm64-threads-align32-mimalloc-3.5.1-private-c"}
{"kind":"memory","stage":"start","cycle":-1,"sample":-1,"rss_bytes":37568512,"peak_rss_bytes":37568512}
{"kind":"prepare","cycle":0,"ns":318834.0,"params":10,"ops":7,"slots":16,"slot_elements":44,"adjoint_elements":25}
{"kind":"memory","stage":"prepared","cycle":0,"sample":-1,"rss_bytes":39387136,"peak_rss_bytes":39387136}
{"kind":"memory","stage":"warmed","cycle":0,"sample":-1,"rss_bytes":39829504,"peak_rss_bytes":39829504}
{"kind":"warmup","cycle":0,"chain":0,"requested_ms":0,"wall_ns":178625.0,"gradients":1000}
{"kind":"placement","mode":"main","cycle":0,"chain":0,"field":"gradient","address":3521068662912,"bytes":80}
{"kind":"placement","mode":"main","cycle":0,"chain":0,"field":"gradient_object","address":50151129120,"bytes":16}
{"kind":"placement","mode":"main","cycle":0,"chain":0,"field":"lp","address":50151129160,"bytes":8}
{"kind":"placement","mode":"main","cycle":0,"chain":0,"field":"values","address":4404667664,"bytes":200}
{"kind":"warmup","cycle":0,"chain":1,"requested_ms":0,"wall_ns":191917.0,"gradients":1000}
{"kind":"placement","mode":"main","cycle":0,"chain":1,"field":"gradient","address":3521068663632,"bytes":80}
{"kind":"placement","mode":"main","cycle":0,"chain":1,"field":"gradient_object","address":50151129216,"bytes":16}
{"kind":"placement","mode":"main","cycle":0,"chain":1,"field":"lp","address":50151129256,"bytes":8}
{"kind":"placement","mode":"main","cycle":0,"chain":1,"field":"values","address":4404670160,"bytes":200}
{"kind":"warmup","cycle":0,"chain":2,"requested_ms":0,"wall_ns":176084.0,"gradients":1000}
{"kind":"placement","mode":"main","cycle":0,"chain":2,"field":"gradient","address":3521068664352,"bytes":80}
{"kind":"placement","mode":"main","cycle":0,"chain":2,"field":"gradient_object","address":50151129312,"bytes":16}
{"kind":"placement","mode":"main","cycle":0,"chain":2,"field":"lp","address":50151129352,"bytes":8}
{"kind":"placement","mode":"main","cycle":0,"chain":2,"field":"values","address":4404672656,"bytes":200}
{"kind":"warmup","cycle":0,"chain":3,"requested_ms":0,"wall_ns":190583.0,"gradients":1000}
{"kind":"placement","mode":"main","cycle":0,"chain":3,"field":"gradient","address":3521068665072,"bytes":80}
{"kind":"placement","mode":"main","cycle":0,"chain":3,"field":"gradient_object","address":50151129408,"bytes":16}
{"kind":"placement","mode":"main","cycle":0,"chain":3,"field":"lp","address":50151129448,"bytes":8}
{"kind":"placement","mode":"main","cycle":0,"chain":3,"field":"values","address":50136596480,"bytes":200}
{"kind":"timing","cycle":0,"sample":0,"reps":128,"chains":4,"wall_ns":43791.0,"ns_per_gradient":85.5293}
{"kind":"memory","stage":"measured","cycle":0,"sample":0,"rss_bytes":39829504,"peak_rss_bytes":39829504}
{"kind":"first_gradient","cycle":0,"chain":0,"ns":14125.0}
{"kind":"first_gradient","cycle":0,"chain":1,"ns":11958.0}
{"kind":"first_gradient","cycle":0,"chain":2,"ns":10125.0}
{"kind":"first_gradient","cycle":0,"chain":3,"ns":4167.0}
{"kind":"memory","stage":"joined","cycle":0,"sample":-1,"rss_bytes":39763968,"peak_rss_bytes":39895040}
{"kind":"memory","stage":"destroyed","cycle":0,"sample":-1,"rss_bytes":39763968,"peak_rss_bytes":39895040}
