{"kind": "host", "numpy": "2.3.5", "build_id": "abi1-9c938837e3a3-Darwin-arm64-threads-align32-mimalloc-3.5.1-private-c"}
{"kind":"memory","stage":"start","cycle":-1,"sample":-1,"rss_bytes":37650432,"peak_rss_bytes":37650432}
{"kind":"prepare","cycle":0,"ns":329834.0,"params":10,"ops":7,"slots":16,"slot_elements":44,"adjoint_elements":25}
{"kind":"memory","stage":"prepared","cycle":0,"sample":-1,"rss_bytes":39518208,"peak_rss_bytes":39518208}
{"kind":"memory","stage":"warmed","cycle":0,"sample":-1,"rss_bytes":39944192,"peak_rss_bytes":39944192}
{"kind":"warmup","cycle":0,"chain":0,"requested_ms":500,"wall_ns":500003375.0,"gradients":2930152}
{"kind":"placement","mode":"main","cycle":0,"chain":0,"field":"gradient","address":4573872521344,"bytes":80}
{"kind":"placement","mode":"main","cycle":0,"chain":0,"field":"gradient_object","address":31188009088,"bytes":16}
{"kind":"placement","mode":"main","cycle":0,"chain":0,"field":"lp","address":31188009128,"bytes":8}
{"kind":"placement","mode":"main","cycle":0,"chain":0,"field":"values","address":4387632912,"bytes":200}
{"kind":"warmup","cycle":0,"chain":1,"requested_ms":500,"wall_ns":500005708.0,"gradients":2922472}
{"kind":"placement","mode":"main","cycle":0,"chain":1,"field":"gradient","address":4573872522064,"bytes":80}
{"kind":"placement","mode":"main","cycle":0,"chain":1,"field":"gradient_object","address":31188009184,"bytes":16}
{"kind":"placement","mode":"main","cycle":0,"chain":1,"field":"lp","address":31188009224,"bytes":8}
{"kind":"placement","mode":"main","cycle":0,"chain":1,"field":"values","address":4387633744,"bytes":200}
{"kind":"warmup","cycle":0,"chain":2,"requested_ms":500,"wall_ns":500034375.0,"gradients":2675176}
{"kind":"placement","mode":"main","cycle":0,"chain":2,"field":"gradient","address":4573872522784,"bytes":80}
{"kind":"placement","mode":"main","cycle":0,"chain":2,"field":"gradient_object","address":31188009280,"bytes":16}
{"kind":"placement","mode":"main","cycle":0,"chain":2,"field":"lp","address":31188009320,"bytes":8}
{"kind":"placement","mode":"main","cycle":0,"chain":2,"field":"values","address":31188549632,"bytes":200}
{"kind":"warmup","cycle":0,"chain":3,"requested_ms":500,"wall_ns":500004833.0,"gradients":2974952}
{"kind":"placement","mode":"main","cycle":0,"chain":3,"field":"gradient","address":4573872523504,"bytes":80}
{"kind":"placement","mode":"main","cycle":0,"chain":3,"field":"gradient_object","address":31188009376,"bytes":16}
{"kind":"placement","mode":"main","cycle":0,"chain":3,"field":"lp","address":31188009416,"bytes":8}
{"kind":"placement","mode":"main","cycle":0,"chain":3,"field":"values","address":31188550080,"bytes":200}
{"kind":"timing","cycle":0,"sample":0,"reps":128,"chains":4,"wall_ns":37500.0,"ns_per_gradient":73.2422}
{"kind":"memory","stage":"measured","cycle":0,"sample":0,"rss_bytes":39944192,"peak_rss_bytes":39944192}
{"kind":"first_gradient","cycle":0,"chain":0,"ns":84000.0}
{"kind":"first_gradient","cycle":0,"chain":1,"ns":74000.0}
{"kind":"first_gradient","cycle":0,"chain":2,"ns":80541.0}
{"kind":"first_gradient","cycle":0,"chain":3,"ns":76084.0}
{"kind":"memory","stage":"joined","cycle":0,"sample":-1,"rss_bytes":39878656,"peak_rss_bytes":40009728}
{"kind":"memory","stage":"destroyed","cycle":0,"sample":-1,"rss_bytes":39878656,"peak_rss_bytes":40009728}
