{"kind": "host", "numpy": "2.3.5", "build_id": "abi1-9c938837e3a3-Darwin-arm64-threads-align32-mimalloc-3.5.1-private-c"}
{"kind":"memory","stage":"start","cycle":-1,"sample":-1,"rss_bytes":37715968,"peak_rss_bytes":37715968}
{"kind":"prepare","cycle":0,"ns":279625.0,"params":10,"ops":7,"slots":16,"slot_elements":44,"adjoint_elements":25}
{"kind":"memory","stage":"prepared","cycle":0,"sample":-1,"rss_bytes":39534592,"peak_rss_bytes":39534592}
{"kind":"memory","stage":"warmed","cycle":0,"sample":-1,"rss_bytes":39976960,"peak_rss_bytes":39976960}
{"kind":"warmup","cycle":0,"chain":0,"requested_ms":500,"wall_ns":500035291.0,"gradients":2982120}
{"kind":"placement","mode":"main","cycle":0,"chain":0,"field":"gradient","address":2785287078016,"bytes":80}
{"kind":"placement","mode":"main","cycle":0,"chain":0,"field":"gradient_object","address":48301326368,"bytes":16}
{"kind":"placement","mode":"main","cycle":0,"chain":0,"field":"lp","address":48301326408,"bytes":8}
{"kind":"placement","mode":"main","cycle":0,"chain":0,"field":"values","address":4329008704,"bytes":200}
{"kind":"warmup","cycle":0,"chain":1,"requested_ms":500,"wall_ns":500051666.0,"gradients":2717672}
{"kind":"placement","mode":"main","cycle":0,"chain":1,"field":"gradient","address":2785287078736,"bytes":80}
{"kind":"placement","mode":"main","cycle":0,"chain":1,"field":"gradient_object","address":48301326464,"bytes":16}
{"kind":"placement","mode":"main","cycle":0,"chain":1,"field":"lp","address":48301326504,"bytes":8}
{"kind":"placement","mode":"main","cycle":0,"chain":1,"field":"values","address":4329010624,"bytes":200}
{"kind":"warmup","cycle":0,"chain":2,"requested_ms":500,"wall_ns":500013458.0,"gradients":2907880}
{"kind":"placement","mode":"main","cycle":0,"chain":2,"field":"gradient","address":2785287079456,"bytes":80}
{"kind":"placement","mode":"main","cycle":0,"chain":2,"field":"gradient_object","address":48301326560,"bytes":16}
{"kind":"placement","mode":"main","cycle":0,"chain":2,"field":"lp","address":48301326600,"bytes":8}
{"kind":"placement","mode":"main","cycle":0,"chain":2,"field":"values","address":4329012544,"bytes":200}
{"kind":"warmup","cycle":0,"chain":3,"requested_ms":500,"wall_ns":500026208.0,"gradients":2667496}
{"kind":"placement","mode":"main","cycle":0,"chain":3,"field":"gradient","address":2785287080176,"bytes":80}
{"kind":"placement","mode":"main","cycle":0,"chain":3,"field":"gradient_object","address":48301326656,"bytes":16}
{"kind":"placement","mode":"main","cycle":0,"chain":3,"field":"lp","address":48301326696,"bytes":8}
{"kind":"placement","mode":"main","cycle":0,"chain":3,"field":"values","address":48301359328,"bytes":200}
{"kind":"timing","cycle":0,"sample":0,"reps":128,"chains":4,"wall_ns":52666.0,"ns_per_gradient":102.8633}
{"kind":"memory","stage":"measured","cycle":0,"sample":0,"rss_bytes":39976960,"peak_rss_bytes":39976960}
{"kind":"first_gradient","cycle":0,"chain":0,"ns":16625.0}
{"kind":"first_gradient","cycle":0,"chain":1,"ns":6750.0}
{"kind":"first_gradient","cycle":0,"chain":2,"ns":11417.0}
{"kind":"first_gradient","cycle":0,"chain":3,"ns":4959.0}
{"kind":"memory","stage":"joined","cycle":0,"sample":-1,"rss_bytes":39911424,"peak_rss_bytes":40042496}
{"kind":"memory","stage":"destroyed","cycle":0,"sample":-1,"rss_bytes":39911424,"peak_rss_bytes":40042496}
