{"kind": "host", "numpy": "2.3.5", "build_id": "abi1-9c938837e3a3-Darwin-arm64-threads-align32-mimalloc-3.5.1-private-c"}
{"kind":"memory","stage":"start","cycle":-1,"sample":-1,"rss_bytes":45645824,"peak_rss_bytes":45645824}
{"kind":"prepare","cycle":0,"ns":12047583.0,"params":2,"ops":5,"slots":12,"slot_elements":262155,"adjoint_elements":8}
{"kind":"memory","stage":"prepared","cycle":0,"sample":-1,"rss_bytes":78118912,"peak_rss_bytes":78118912}
{"kind":"memory","stage":"warmed","cycle":0,"sample":-1,"rss_bytes":139689984,"peak_rss_bytes":139689984}
{"kind":"warmup","cycle":0,"chain":0,"requested_ms":500,"wall_ns":571098500.0,"gradients":1581}
{"kind":"placement","mode":"main","cycle":0,"chain":0,"field":"gradient","address":5108059078832,"bytes":16}
{"kind":"placement","mode":"main","cycle":0,"chain":0,"field":"gradient_object","address":4324414352,"bytes":16}
{"kind":"placement","mode":"main","cycle":0,"chain":0,"field":"lp","address":4324414392,"bytes":8}
{"kind":"placement","mode":"main","cycle":0,"chain":0,"field":"values","address":51459972672,"bytes":64}
{"kind":"warmup","cycle":0,"chain":1,"requested_ms":500,"wall_ns":546482292.0,"gradients":1588}
{"kind":"placement","mode":"main","cycle":0,"chain":1,"field":"gradient","address":5108059078976,"bytes":16}
{"kind":"placement","mode":"main","cycle":0,"chain":1,"field":"gradient_object","address":4324408208,"bytes":16}
{"kind":"placement","mode":"main","cycle":0,"chain":1,"field":"lp","address":4324408248,"bytes":8}
{"kind":"placement","mode":"main","cycle":0,"chain":1,"field":"values","address":51459972800,"bytes":64}
{"kind":"warmup","cycle":0,"chain":2,"requested_ms":500,"wall_ns":555922167.0,"gradients":1582}
{"kind":"placement","mode":"main","cycle":0,"chain":2,"field":"gradient","address":5108059079120,"bytes":16}
{"kind":"placement","mode":"main","cycle":0,"chain":2,"field":"gradient_object","address":4324408304,"bytes":16}
{"kind":"placement","mode":"main","cycle":0,"chain":2,"field":"lp","address":4324408344,"bytes":8}
{"kind":"placement","mode":"main","cycle":0,"chain":2,"field":"values","address":51459972928,"bytes":64}
{"kind":"warmup","cycle":0,"chain":3,"requested_ms":500,"wall_ns":544982416.0,"gradients":1598}
{"kind":"placement","mode":"main","cycle":0,"chain":3,"field":"gradient","address":5108059079264,"bytes":16}
{"kind":"placement","mode":"main","cycle":0,"chain":3,"field":"gradient_object","address":4324417168,"bytes":16}
{"kind":"placement","mode":"main","cycle":0,"chain":3,"field":"lp","address":4324417208,"bytes":8}
{"kind":"placement","mode":"main","cycle":0,"chain":3,"field":"values","address":51459973056,"bytes":64}
{"kind":"warmup","cycle":0,"chain":4,"requested_ms":500,"wall_ns":543498750.0,"gradients":1598}
{"kind":"placement","mode":"main","cycle":0,"chain":4,"field":"gradient","address":5108059079408,"bytes":16}
{"kind":"placement","mode":"main","cycle":0,"chain":4,"field":"gradient_object","address":4324418608,"bytes":16}
{"kind":"placement","mode":"main","cycle":0,"chain":4,"field":"lp","address":4324418648,"bytes":8}
{"kind":"placement","mode":"main","cycle":0,"chain":4,"field":"values","address":51459973184,"bytes":64}
{"kind":"warmup","cycle":0,"chain":5,"requested_ms":500,"wall_ns":555570375.0,"gradients":1582}
{"kind":"placement","mode":"main","cycle":0,"chain":5,"field":"gradient","address":5108059079552,"bytes":16}
{"kind":"placement","mode":"main","cycle":0,"chain":5,"field":"gradient_object","address":4324419072,"bytes":16}
{"kind":"placement","mode":"main","cycle":0,"chain":5,"field":"lp","address":4324419112,"bytes":8}
{"kind":"placement","mode":"main","cycle":0,"chain":5,"field":"values","address":51459973312,"bytes":64}
{"kind":"warmup","cycle":0,"chain":6,"requested_ms":500,"wall_ns":571631500.0,"gradients":1580}
{"kind":"placement","mode":"main","cycle":0,"chain":6,"field":"gradient","address":5108059079696,"bytes":16}
{"kind":"placement","mode":"main","cycle":0,"chain":6,"field":"gradient_object","address":4324419536,"bytes":16}
{"kind":"placement","mode":"main","cycle":0,"chain":6,"field":"lp","address":4324419576,"bytes":8}
{"kind":"placement","mode":"main","cycle":0,"chain":6,"field":"values","address":51459973440,"bytes":64}
{"kind":"warmup","cycle":0,"chain":7,"requested_ms":500,"wall_ns":547312625.0,"gradients":1589}
{"kind":"placement","mode":"main","cycle":0,"chain":7,"field":"gradient","address":5108059079840,"bytes":16}
{"kind":"placement","mode":"main","cycle":0,"chain":7,"field":"gradient_object","address":4324420000,"bytes":16}
{"kind":"placement","mode":"main","cycle":0,"chain":7,"field":"lp","address":4324420040,"bytes":8}
{"kind":"placement","mode":"main","cycle":0,"chain":7,"field":"values","address":51459973568,"bytes":64}
{"kind":"timing","cycle":0,"sample":0,"reps":128,"chains":8,"wall_ns":51552167.0,"ns_per_gradient":50343.9131}
{"kind":"memory","stage":"measured","cycle":0,"sample":0,"rss_bytes":139689984,"peak_rss_bytes":139689984}
{"kind":"first_gradient","cycle":0,"chain":0,"ns":2933708.0}
{"kind":"first_gradient","cycle":0,"chain":1,"ns":3059667.0}
{"kind":"first_gradient","cycle":0,"chain":2,"ns":3034583.0}
{"kind":"first_gradient","cycle":0,"chain":3,"ns":3064625.0}
{"kind":"first_gradient","cycle":0,"chain":4,"ns":3090500.0}
{"kind":"first_gradient","cycle":0,"chain":5,"ns":3035459.0}
{"kind":"first_gradient","cycle":0,"chain":6,"ns":3088250.0}
{"kind":"first_gradient","cycle":0,"chain":7,"ns":3101209.0}
{"kind":"memory","stage":"joined","cycle":0,"sample":-1,"rss_bytes":144031744,"peak_rss_bytes":144031744}
{"kind":"memory","stage":"destroyed","cycle":0,"sample":-1,"rss_bytes":144031744,"peak_rss_bytes":144031744}
