{"kind": "host", "numpy": "2.3.5", "build_id": "abi1-9c938837e3a3-Darwin-arm64-threads-align32-mimalloc-3.5.1-private-c"}
{"kind":"memory","stage":"start","cycle":-1,"sample":-1,"rss_bytes":37814272,"peak_rss_bytes":37814272}
{"kind":"prepare","cycle":0,"ns":290416.0,"params":2,"ops":5,"slots":12,"slot_elements":1035,"adjoint_elements":8}
{"kind":"memory","stage":"prepared","cycle":0,"sample":-1,"rss_bytes":39583744,"peak_rss_bytes":39583744}
{"kind":"memory","stage":"warmed","cycle":0,"sample":-1,"rss_bytes":40009728,"peak_rss_bytes":40009728}
{"kind":"warmup","cycle":0,"chain":0,"requested_ms":0,"wall_ns":1464125.0,"gradients":1000}
{"kind":"placement","mode":"main","cycle":0,"chain":0,"field":"gradient","address":4577362182320,"bytes":16}
{"kind":"placement","mode":"main","cycle":0,"chain":0,"field":"gradient_object","address":44374769792,"bytes":16}
{"kind":"placement","mode":"main","cycle":0,"chain":0,"field":"lp","address":44374769832,"bytes":8}
{"kind":"placement","mode":"main","cycle":0,"chain":0,"field":"values","address":44382807296,"bytes":64}
{"kind":"warmup","cycle":0,"chain":1,"requested_ms":0,"wall_ns":1450459.0,"gradients":1000}
{"kind":"placement","mode":"main","cycle":0,"chain":1,"field":"gradient","address":4577362182464,"bytes":16}
{"kind":"placement","mode":"main","cycle":0,"chain":1,"field":"gradient_object","address":44374769888,"bytes":16}
{"kind":"placement","mode":"main","cycle":0,"chain":1,"field":"lp","address":44374769928,"bytes":8}
{"kind":"placement","mode":"main","cycle":0,"chain":1,"field":"values","address":44382807360,"bytes":64}
{"kind":"warmup","cycle":0,"chain":2,"requested_ms":0,"wall_ns":1469958.0,"gradients":1000}
{"kind":"placement","mode":"main","cycle":0,"chain":2,"field":"gradient","address":4577362182608,"bytes":16}
{"kind":"placement","mode":"main","cycle":0,"chain":2,"field":"gradient_object","address":44374769984,"bytes":16}
{"kind":"placement","mode":"main","cycle":0,"chain":2,"field":"lp","address":44374770024,"bytes":8}
{"kind":"placement","mode":"main","cycle":0,"chain":2,"field":"values","address":44382807488,"bytes":64}
{"kind":"warmup","cycle":0,"chain":3,"requested_ms":0,"wall_ns":1447708.0,"gradients":1000}
{"kind":"placement","mode":"main","cycle":0,"chain":3,"field":"gradient","address":4577362182752,"bytes":16}
{"kind":"placement","mode":"main","cycle":0,"chain":3,"field":"gradient_object","address":44374770080,"bytes":16}
{"kind":"placement","mode":"main","cycle":0,"chain":3,"field":"lp","address":44374770120,"bytes":8}
{"kind":"placement","mode":"main","cycle":0,"chain":3,"field":"values","address":44382807616,"bytes":64}
{"kind":"timing","cycle":0,"sample":0,"reps":128,"chains":4,"wall_ns":201666.0,"ns_per_gradient":393.8789}
{"kind":"memory","stage":"measured","cycle":0,"sample":0,"rss_bytes":40009728,"peak_rss_bytes":40009728}
{"kind":"first_gradient","cycle":0,"chain":0,"ns":9500.0}
{"kind":"first_gradient","cycle":0,"chain":1,"ns":5791.0}
{"kind":"first_gradient","cycle":0,"chain":2,"ns":7500.0}
{"kind":"first_gradient","cycle":0,"chain":3,"ns":4875.0}
{"kind":"memory","stage":"joined","cycle":0,"sample":-1,"rss_bytes":39960576,"peak_rss_bytes":40075264}
{"kind":"memory","stage":"destroyed","cycle":0,"sample":-1,"rss_bytes":39960576,"peak_rss_bytes":40075264}
