{"kind": "host", "numpy": "2.3.5", "build_id": "abi1-9c938837e3a3-Darwin-arm64-threads-align32-mimalloc-3.5.1-private-c"}
{"kind":"memory","stage":"start","cycle":-1,"sample":-1,"rss_bytes":37814272,"peak_rss_bytes":37814272}
{"kind":"prepare","cycle":0,"ns":244625.0,"params":2,"ops":5,"slots":12,"slot_elements":19,"adjoint_elements":8}
{"kind":"memory","stage":"prepared","cycle":0,"sample":-1,"rss_bytes":39534592,"peak_rss_bytes":39534592}
{"kind":"memory","stage":"warmed","cycle":0,"sample":-1,"rss_bytes":39895040,"peak_rss_bytes":39895040}
{"kind":"warmup","cycle":0,"chain":0,"requested_ms":0,"wall_ns":104458.0,"gradients":1000}
{"kind":"placement","mode":"main","cycle":0,"chain":0,"field":"gradient","address":2509872300208,"bytes":16}
{"kind":"placement","mode":"main","cycle":0,"chain":0,"field":"gradient_object","address":4402575648,"bytes":16}
{"kind":"placement","mode":"main","cycle":0,"chain":0,"field":"lp","address":4402575688,"bytes":8}
{"kind":"placement","mode":"main","cycle":0,"chain":0,"field":"values","address":54179430592,"bytes":64}
{"kind":"warmup","cycle":0,"chain":1,"requested_ms":0,"wall_ns":123583.0,"gradients":1000}
{"kind":"placement","mode":"main","cycle":0,"chain":1,"field":"gradient","address":2509872300352,"bytes":16}
{"kind":"placement","mode":"main","cycle":0,"chain":1,"field":"gradient_object","address":4402573648,"bytes":16}
{"kind":"placement","mode":"main","cycle":0,"chain":1,"field":"lp","address":4402573688,"bytes":8}
{"kind":"placement","mode":"main","cycle":0,"chain":1,"field":"values","address":54179430656,"bytes":64}
{"kind":"warmup","cycle":0,"chain":2,"requested_ms":0,"wall_ns":112167.0,"gradients":1000}
{"kind":"placement","mode":"main","cycle":0,"chain":2,"field":"gradient","address":2509872300496,"bytes":16}
{"kind":"placement","mode":"main","cycle":0,"chain":2,"field":"gradient_object","address":4402574128,"bytes":16}
{"kind":"placement","mode":"main","cycle":0,"chain":2,"field":"lp","address":4402574168,"bytes":8}
{"kind":"placement","mode":"main","cycle":0,"chain":2,"field":"values","address":54179430784,"bytes":64}
{"kind":"warmup","cycle":0,"chain":3,"requested_ms":0,"wall_ns":106625.0,"gradients":1000}
{"kind":"placement","mode":"main","cycle":0,"chain":3,"field":"gradient","address":2509872300640,"bytes":16}
{"kind":"placement","mode":"main","cycle":0,"chain":3,"field":"gradient_object","address":4402588336,"bytes":16}
{"kind":"placement","mode":"main","cycle":0,"chain":3,"field":"lp","address":4402588376,"bytes":8}
{"kind":"placement","mode":"main","cycle":0,"chain":3,"field":"values","address":54179430912,"bytes":64}
{"kind":"timing","cycle":0,"sample":0,"reps":128,"chains":4,"wall_ns":30958.0,"ns_per_gradient":60.4648}
{"kind":"memory","stage":"measured","cycle":0,"sample":0,"rss_bytes":39895040,"peak_rss_bytes":39895040}
{"kind":"first_gradient","cycle":0,"chain":0,"ns":7916.0}
{"kind":"first_gradient","cycle":0,"chain":1,"ns":4250.0}
{"kind":"first_gradient","cycle":0,"chain":2,"ns":3709.0}
{"kind":"first_gradient","cycle":0,"chain":3,"ns":4125.0}
{"kind":"memory","stage":"joined","cycle":0,"sample":-1,"rss_bytes":39829504,"peak_rss_bytes":39944192}
{"kind":"memory","stage":"destroyed","cycle":0,"sample":-1,"rss_bytes":39829504,"peak_rss_bytes":39944192}
