{"kind": "host", "numpy": "2.3.5", "build_id": "abi1-9c938837e3a3-Darwin-arm64-threads-align32"}
{"kind":"memory","stage":"start","cycle":-1,"sample":-1,"rss_bytes":45170688,"peak_rss_bytes":45170688}
{"kind":"prepare","cycle":0,"ns":11122958.0,"params":2,"ops":5,"slots":12,"slot_elements":262155,"adjoint_elements":8}
{"kind":"memory","stage":"prepared","cycle":0,"sample":-1,"rss_bytes":77676544,"peak_rss_bytes":77676544}
{"kind":"memory","stage":"warmed","cycle":0,"sample":-1,"rss_bytes":157974528,"peak_rss_bytes":157974528}
{"kind":"warmup","cycle":0,"chain":0,"requested_ms":500,"wall_ns":579235000.0,"gradients":1590}
{"kind":"placement","mode":"main","cycle":0,"chain":0,"field":"gradient","address":43291297024,"bytes":16}
{"kind":"placement","mode":"main","cycle":0,"chain":0,"field":"gradient_object","address":4325982624,"bytes":16}
{"kind":"placement","mode":"main","cycle":0,"chain":0,"field":"lp","address":4325982664,"bytes":8}
{"kind":"placement","mode":"main","cycle":0,"chain":0,"field":"values","address":43306139776,"bytes":64}
{"kind":"warmup","cycle":0,"chain":1,"requested_ms":500,"wall_ns":532392375.0,"gradients":1593}
{"kind":"placement","mode":"main","cycle":0,"chain":1,"field":"gradient","address":43291297168,"bytes":16}
{"kind":"placement","mode":"main","cycle":0,"chain":1,"field":"gradient_object","address":4325982352,"bytes":16}
{"kind":"placement","mode":"main","cycle":0,"chain":1,"field":"lp","address":4325982392,"bytes":8}
{"kind":"placement","mode":"main","cycle":0,"chain":1,"field":"values","address":43306139904,"bytes":64}
{"kind":"warmup","cycle":0,"chain":2,"requested_ms":500,"wall_ns":579029459.0,"gradients":1590}
{"kind":"placement","mode":"main","cycle":0,"chain":2,"field":"gradient","address":43291297312,"bytes":16}
{"kind":"placement","mode":"main","cycle":0,"chain":2,"field":"gradient_object","address":4325983328,"bytes":16}
{"kind":"placement","mode":"main","cycle":0,"chain":2,"field":"lp","address":4325983368,"bytes":8}
{"kind":"placement","mode":"main","cycle":0,"chain":2,"field":"values","address":43306140032,"bytes":64}
{"kind":"warmup","cycle":0,"chain":3,"requested_ms":500,"wall_ns":521308042.0,"gradients":1598}
{"kind":"placement","mode":"main","cycle":0,"chain":3,"field":"gradient","address":43291297456,"bytes":16}
{"kind":"placement","mode":"main","cycle":0,"chain":3,"field":"gradient_object","address":4325996208,"bytes":16}
{"kind":"placement","mode":"main","cycle":0,"chain":3,"field":"lp","address":4325996248,"bytes":8}
{"kind":"placement","mode":"main","cycle":0,"chain":3,"field":"values","address":43306140160,"bytes":64}
{"kind":"warmup","cycle":0,"chain":4,"requested_ms":500,"wall_ns":521100000.0,"gradients":1598}
{"kind":"placement","mode":"main","cycle":0,"chain":4,"field":"gradient","address":43291297600,"bytes":16}
{"kind":"placement","mode":"main","cycle":0,"chain":4,"field":"gradient_object","address":4325996976,"bytes":16}
{"kind":"placement","mode":"main","cycle":0,"chain":4,"field":"lp","address":4325997016,"bytes":8}
{"kind":"placement","mode":"main","cycle":0,"chain":4,"field":"values","address":43306140288,"bytes":64}
{"kind":"warmup","cycle":0,"chain":5,"requested_ms":500,"wall_ns":555846125.0,"gradients":1590}
{"kind":"placement","mode":"main","cycle":0,"chain":5,"field":"gradient","address":43291297744,"bytes":16}
{"kind":"placement","mode":"main","cycle":0,"chain":5,"field":"gradient_object","address":4325997792,"bytes":16}
{"kind":"placement","mode":"main","cycle":0,"chain":5,"field":"lp","address":4325997832,"bytes":8}
{"kind":"placement","mode":"main","cycle":0,"chain":5,"field":"values","address":43306140416,"bytes":64}
{"kind":"warmup","cycle":0,"chain":6,"requested_ms":500,"wall_ns":556059250.0,"gradients":1590}
{"kind":"placement","mode":"main","cycle":0,"chain":6,"field":"gradient","address":43291297888,"bytes":16}
{"kind":"placement","mode":"main","cycle":0,"chain":6,"field":"gradient_object","address":4325998512,"bytes":16}
{"kind":"placement","mode":"main","cycle":0,"chain":6,"field":"lp","address":4325998552,"bytes":8}
{"kind":"placement","mode":"main","cycle":0,"chain":6,"field":"values","address":43306140544,"bytes":64}
{"kind":"warmup","cycle":0,"chain":7,"requested_ms":500,"wall_ns":532220208.0,"gradients":1593}
{"kind":"placement","mode":"main","cycle":0,"chain":7,"field":"gradient","address":43291298032,"bytes":16}
{"kind":"placement","mode":"main","cycle":0,"chain":7,"field":"gradient_object","address":4325999184,"bytes":16}
{"kind":"placement","mode":"main","cycle":0,"chain":7,"field":"lp","address":4325999224,"bytes":8}
{"kind":"placement","mode":"main","cycle":0,"chain":7,"field":"values","address":43306140672,"bytes":64}
{"kind":"timing","cycle":0,"sample":0,"reps":128,"chains":8,"wall_ns":42540625.0,"ns_per_gradient":41543.5791}
{"kind":"memory","stage":"measured","cycle":0,"sample":0,"rss_bytes":157974528,"peak_rss_bytes":157974528}
{"kind":"first_gradient","cycle":0,"chain":0,"ns":1056666.0}
{"kind":"first_gradient","cycle":0,"chain":1,"ns":1032875.0}
{"kind":"first_gradient","cycle":0,"chain":2,"ns":1316875.0}
{"kind":"first_gradient","cycle":0,"chain":3,"ns":1551375.0}
{"kind":"first_gradient","cycle":0,"chain":4,"ns":1525166.0}
{"kind":"first_gradient","cycle":0,"chain":5,"ns":1171291.0}
{"kind":"first_gradient","cycle":0,"chain":6,"ns":1114958.0}
{"kind":"first_gradient","cycle":0,"chain":7,"ns":1558042.0}
{"kind":"memory","stage":"joined","cycle":0,"sample":-1,"rss_bytes":157843456,"peak_rss_bytes":158023680}
{"kind":"memory","stage":"destroyed","cycle":0,"sample":-1,"rss_bytes":157843456,"peak_rss_bytes":158023680}
