{"kind": "host", "numpy": "2.3.5", "build_id": "abi1-9c938837e3a3-Darwin-arm64-threads-align32-mimalloc-3.5.1-private-c"}
{"kind":"memory","stage":"start","cycle":-1,"sample":-1,"rss_bytes":45629440,"peak_rss_bytes":45629440}
{"kind":"prepare","cycle":0,"ns":10166709.0,"params":2,"ops":5,"slots":12,"slot_elements":262155,"adjoint_elements":8}
{"kind":"memory","stage":"prepared","cycle":0,"sample":-1,"rss_bytes":78135296,"peak_rss_bytes":78135296}
{"kind":"memory","stage":"warmed","cycle":0,"sample":-1,"rss_bytes":139624448,"peak_rss_bytes":139624448}
{"kind":"warmup","cycle":0,"chain":0,"requested_ms":0,"wall_ns":20271209.0,"gradients":59}
{"kind":"placement","mode":"main","cycle":0,"chain":0,"field":"gradient","address":4231617314992,"bytes":16}
{"kind":"placement","mode":"main","cycle":0,"chain":0,"field":"gradient_object","address":4393745584,"bytes":16}
{"kind":"placement","mode":"main","cycle":0,"chain":0,"field":"lp","address":4393745624,"bytes":8}
{"kind":"placement","mode":"main","cycle":0,"chain":0,"field":"values","address":42318750784,"bytes":64}
{"kind":"warmup","cycle":0,"chain":1,"requested_ms":0,"wall_ns":20285708.0,"gradients":59}
{"kind":"placement","mode":"main","cycle":0,"chain":1,"field":"gradient","address":4231617315136,"bytes":16}
{"kind":"placement","mode":"main","cycle":0,"chain":1,"field":"gradient_object","address":4393746896,"bytes":16}
{"kind":"placement","mode":"main","cycle":0,"chain":1,"field":"lp","address":4393746936,"bytes":8}
{"kind":"placement","mode":"main","cycle":0,"chain":1,"field":"values","address":42318750912,"bytes":64}
{"kind":"warmup","cycle":0,"chain":2,"requested_ms":0,"wall_ns":20236333.0,"gradients":59}
{"kind":"placement","mode":"main","cycle":0,"chain":2,"field":"gradient","address":4231617315280,"bytes":16}
{"kind":"placement","mode":"main","cycle":0,"chain":2,"field":"gradient_object","address":4393747216,"bytes":16}
{"kind":"placement","mode":"main","cycle":0,"chain":2,"field":"lp","address":4393747256,"bytes":8}
{"kind":"placement","mode":"main","cycle":0,"chain":2,"field":"values","address":42318751040,"bytes":64}
{"kind":"warmup","cycle":0,"chain":3,"requested_ms":0,"wall_ns":20222958.0,"gradients":59}
{"kind":"placement","mode":"main","cycle":0,"chain":3,"field":"gradient","address":4231617315424,"bytes":16}
{"kind":"placement","mode":"main","cycle":0,"chain":3,"field":"gradient_object","address":4393744912,"bytes":16}
{"kind":"placement","mode":"main","cycle":0,"chain":3,"field":"lp","address":4393744952,"bytes":8}
{"kind":"placement","mode":"main","cycle":0,"chain":3,"field":"values","address":42318751168,"bytes":64}
{"kind":"warmup","cycle":0,"chain":4,"requested_ms":0,"wall_ns":20017125.0,"gradients":61}
{"kind":"placement","mode":"main","cycle":0,"chain":4,"field":"gradient","address":4231617315568,"bytes":16}
{"kind":"placement","mode":"main","cycle":0,"chain":4,"field":"gradient_object","address":4393760336,"bytes":16}
{"kind":"placement","mode":"main","cycle":0,"chain":4,"field":"lp","address":4393760376,"bytes":8}
{"kind":"placement","mode":"main","cycle":0,"chain":4,"field":"values","address":42318751296,"bytes":64}
{"kind":"warmup","cycle":0,"chain":5,"requested_ms":0,"wall_ns":20128833.0,"gradients":51}
{"kind":"placement","mode":"main","cycle":0,"chain":5,"field":"gradient","address":4231617315712,"bytes":16}
{"kind":"placement","mode":"main","cycle":0,"chain":5,"field":"gradient_object","address":4393760976,"bytes":16}
{"kind":"placement","mode":"main","cycle":0,"chain":5,"field":"lp","address":4393761016,"bytes":8}
{"kind":"placement","mode":"main","cycle":0,"chain":5,"field":"values","address":42318751424,"bytes":64}
{"kind":"warmup","cycle":0,"chain":6,"requested_ms":0,"wall_ns":20347917.0,"gradients":52}
{"kind":"placement","mode":"main","cycle":0,"chain":6,"field":"gradient","address":4231617315856,"bytes":16}
{"kind":"placement","mode":"main","cycle":0,"chain":6,"field":"gradient_object","address":4393761296,"bytes":16}
{"kind":"placement","mode":"main","cycle":0,"chain":6,"field":"lp","address":4393761336,"bytes":8}
{"kind":"placement","mode":"main","cycle":0,"chain":6,"field":"values","address":42318751552,"bytes":64}
{"kind":"warmup","cycle":0,"chain":7,"requested_ms":0,"wall_ns":20203167.0,"gradients":53}
{"kind":"placement","mode":"main","cycle":0,"chain":7,"field":"gradient","address":4231617316000,"bytes":16}
{"kind":"placement","mode":"main","cycle":0,"chain":7,"field":"gradient_object","address":4393761616,"bytes":16}
{"kind":"placement","mode":"main","cycle":0,"chain":7,"field":"lp","address":4393761656,"bytes":8}
{"kind":"placement","mode":"main","cycle":0,"chain":7,"field":"values","address":42318751680,"bytes":64}
{"kind":"timing","cycle":0,"sample":0,"reps":128,"chains":8,"wall_ns":52508583.0,"ns_per_gradient":51277.9131}
{"kind":"memory","stage":"measured","cycle":0,"sample":0,"rss_bytes":139624448,"peak_rss_bytes":139624448}
{"kind":"first_gradient","cycle":0,"chain":0,"ns":3057708.0}
{"kind":"first_gradient","cycle":0,"chain":1,"ns":3050708.0}
{"kind":"first_gradient","cycle":0,"chain":2,"ns":3050750.0}
{"kind":"first_gradient","cycle":0,"chain":3,"ns":2998333.0}
{"kind":"first_gradient","cycle":0,"chain":4,"ns":3044208.0}
{"kind":"first_gradient","cycle":0,"chain":5,"ns":2993875.0}
{"kind":"first_gradient","cycle":0,"chain":6,"ns":2981875.0}
{"kind":"first_gradient","cycle":0,"chain":7,"ns":3031791.0}
{"kind":"memory","stage":"joined","cycle":0,"sample":-1,"rss_bytes":143966208,"peak_rss_bytes":143966208}
{"kind":"memory","stage":"destroyed","cycle":0,"sample":-1,"rss_bytes":143966208,"peak_rss_bytes":143966208}
