{"kind": "host", "numpy": "2.3.5", "build_id": "abi1-9c938837e3a3-Darwin-arm64-threads-align32"}
{"kind":"memory","stage":"start","cycle":-1,"sample":-1,"rss_bytes":37289984,"peak_rss_bytes":37289984}
{"kind":"prepare","cycle":0,"ns":321458.0,"params":2,"ops":5,"slots":12,"slot_elements":1035,"adjoint_elements":8}
{"kind":"memory","stage":"prepared","cycle":0,"sample":-1,"rss_bytes":39075840,"peak_rss_bytes":39075840}
{"kind":"memory","stage":"warmed","cycle":0,"sample":-1,"rss_bytes":39370752,"peak_rss_bytes":39370752}
{"kind":"warmup","cycle":0,"chain":0,"requested_ms":500,"wall_ns":500198958.0,"gradients":257000}
{"kind":"placement","mode":"main","cycle":0,"chain":0,"field":"gradient","address":40877031472,"bytes":16}
{"kind":"placement","mode":"main","cycle":0,"chain":0,"field":"gradient_object","address":4334499456,"bytes":16}
{"kind":"placement","mode":"main","cycle":0,"chain":0,"field":"lp","address":4334499496,"bytes":8}
{"kind":"placement","mode":"main","cycle":0,"chain":0,"field":"values","address":40889172672,"bytes":64}
{"kind":"warmup","cycle":0,"chain":1,"requested_ms":500,"wall_ns":500408208.0,"gradients":257000}
{"kind":"placement","mode":"main","cycle":0,"chain":1,"field":"gradient","address":40877031440,"bytes":16}
{"kind":"placement","mode":"main","cycle":0,"chain":1,"field":"gradient_object","address":4334500288,"bytes":16}
{"kind":"placement","mode":"main","cycle":0,"chain":1,"field":"lp","address":4334500328,"bytes":8}
{"kind":"placement","mode":"main","cycle":0,"chain":1,"field":"values","address":40889172800,"bytes":64}
{"kind":"warmup","cycle":0,"chain":2,"requested_ms":500,"wall_ns":500118958.0,"gradients":256488}
{"kind":"placement","mode":"main","cycle":0,"chain":2,"field":"gradient","address":40877031488,"bytes":16}
{"kind":"placement","mode":"main","cycle":0,"chain":2,"field":"gradient_object","address":4334500928,"bytes":16}
{"kind":"placement","mode":"main","cycle":0,"chain":2,"field":"lp","address":4334500968,"bytes":8}
{"kind":"placement","mode":"main","cycle":0,"chain":2,"field":"values","address":40889172928,"bytes":64}
{"kind":"warmup","cycle":0,"chain":3,"requested_ms":500,"wall_ns":500430250.0,"gradients":256232}
{"kind":"placement","mode":"main","cycle":0,"chain":3,"field":"gradient","address":40877031504,"bytes":16}
{"kind":"placement","mode":"main","cycle":0,"chain":3,"field":"gradient_object","address":4334515200,"bytes":16}
{"kind":"placement","mode":"main","cycle":0,"chain":3,"field":"lp","address":4334515240,"bytes":8}
{"kind":"placement","mode":"main","cycle":0,"chain":3,"field":"values","address":40889173056,"bytes":64}
{"kind":"timing","cycle":0,"sample":0,"reps":128,"chains":4,"wall_ns":270917.0,"ns_per_gradient":529.1348}
{"kind":"memory","stage":"measured","cycle":0,"sample":0,"rss_bytes":39370752,"peak_rss_bytes":39370752}
{"kind":"first_gradient","cycle":0,"chain":0,"ns":9084.0}
{"kind":"first_gradient","cycle":0,"chain":1,"ns":4792.0}
{"kind":"first_gradient","cycle":0,"chain":2,"ns":3000.0}
{"kind":"first_gradient","cycle":0,"chain":3,"ns":4292.0}
{"kind":"memory","stage":"joined","cycle":0,"sample":-1,"rss_bytes":39305216,"peak_rss_bytes":39419904}
{"kind":"memory","stage":"destroyed","cycle":0,"sample":-1,"rss_bytes":39305216,"peak_rss_bytes":39419904}
