{"kind": "host", "numpy": "2.3.5", "build_id": "abi1-9c938837e3a3-Darwin-arm64-threads-align32-mimalloc-3.5.1-private-c"}
{"kind":"memory","stage":"start","cycle":-1,"sample":-1,"rss_bytes":37781504,"peak_rss_bytes":37781504}
{"kind":"prepare","cycle":0,"ns":1340792.0,"params":2,"ops":5,"slots":12,"slot_elements":19,"adjoint_elements":8}
{"kind":"memory","stage":"prepared","cycle":0,"sample":-1,"rss_bytes":39436288,"peak_rss_bytes":39436288}
{"kind":"memory","stage":"warmed","cycle":0,"sample":-1,"rss_bytes":39813120,"peak_rss_bytes":39813120}
{"kind":"warmup","cycle":0,"chain":0,"requested_ms":500,"wall_ns":500006958.0,"gradients":5083368}
{"kind":"placement","mode":"main","cycle":0,"chain":0,"field":"gradient","address":3769371459760,"bytes":16}
{"kind":"placement","mode":"main","cycle":0,"chain":0,"field":"gradient_object","address":38570393728,"bytes":16}
{"kind":"placement","mode":"main","cycle":0,"chain":0,"field":"lp","address":38570393768,"bytes":8}
{"kind":"placement","mode":"main","cycle":0,"chain":0,"field":"values","address":38577595648,"bytes":64}
{"kind":"warmup","cycle":0,"chain":1,"requested_ms":500,"wall_ns":500024208.0,"gradients":4940264}
{"kind":"placement","mode":"main","cycle":0,"chain":1,"field":"gradient","address":3769371459904,"bytes":16}
{"kind":"placement","mode":"main","cycle":0,"chain":1,"field":"gradient_object","address":38570393824,"bytes":16}
{"kind":"placement","mode":"main","cycle":0,"chain":1,"field":"lp","address":38570393864,"bytes":8}
{"kind":"placement","mode":"main","cycle":0,"chain":1,"field":"values","address":38577595712,"bytes":64}
{"kind":"warmup","cycle":0,"chain":2,"requested_ms":500,"wall_ns":500004541.0,"gradients":4097512}
{"kind":"placement","mode":"main","cycle":0,"chain":2,"field":"gradient","address":3769371460048,"bytes":16}
{"kind":"placement","mode":"main","cycle":0,"chain":2,"field":"gradient_object","address":38570393920,"bytes":16}
{"kind":"placement","mode":"main","cycle":0,"chain":2,"field":"lp","address":38570393960,"bytes":8}
{"kind":"placement","mode":"main","cycle":0,"chain":2,"field":"values","address":38577595840,"bytes":64}
{"kind":"warmup","cycle":0,"chain":3,"requested_ms":500,"wall_ns":500021500.0,"gradients":5185000}
{"kind":"placement","mode":"main","cycle":0,"chain":3,"field":"gradient","address":3769371460192,"bytes":16}
{"kind":"placement","mode":"main","cycle":0,"chain":3,"field":"gradient_object","address":38570394016,"bytes":16}
{"kind":"placement","mode":"main","cycle":0,"chain":3,"field":"lp","address":38570394056,"bytes":8}
{"kind":"placement","mode":"main","cycle":0,"chain":3,"field":"values","address":38577595968,"bytes":64}
{"kind":"timing","cycle":0,"sample":0,"reps":128,"chains":4,"wall_ns":30458.0,"ns_per_gradient":59.4883}
{"kind":"memory","stage":"measured","cycle":0,"sample":0,"rss_bytes":39813120,"peak_rss_bytes":39813120}
{"kind":"first_gradient","cycle":0,"chain":0,"ns":37208.0}
{"kind":"first_gradient","cycle":0,"chain":1,"ns":44500.0}
{"kind":"first_gradient","cycle":0,"chain":2,"ns":42958.0}
{"kind":"first_gradient","cycle":0,"chain":3,"ns":41625.0}
{"kind":"memory","stage":"joined","cycle":0,"sample":-1,"rss_bytes":39747584,"peak_rss_bytes":39878656}
{"kind":"memory","stage":"destroyed","cycle":0,"sample":-1,"rss_bytes":39747584,"peak_rss_bytes":39878656}
