{"kind": "host", "numpy": "2.3.5", "build_id": "abi1-9c938837e3a3-Darwin-arm64-threads-align32-mimalloc-3.5.1-private-c"}
{"kind":"memory","stage":"start","cycle":-1,"sample":-1,"rss_bytes":37634048,"peak_rss_bytes":37634048}
{"kind":"prepare","cycle":0,"ns":258625.0,"params":2,"ops":5,"slots":12,"slot_elements":19,"adjoint_elements":8}
{"kind":"memory","stage":"prepared","cycle":0,"sample":-1,"rss_bytes":39370752,"peak_rss_bytes":39370752}
{"kind":"memory","stage":"warmed","cycle":0,"sample":-1,"rss_bytes":39731200,"peak_rss_bytes":39731200}
{"kind":"warmup","cycle":0,"chain":0,"requested_ms":500,"wall_ns":500013959.0,"gradients":5250536}
{"kind":"placement","mode":"main","cycle":0,"chain":0,"field":"gradient","address":6474395549872,"bytes":16}
{"kind":"placement","mode":"main","cycle":0,"chain":0,"field":"gradient_object","address":4403107664,"bytes":16}
{"kind":"placement","mode":"main","cycle":0,"chain":0,"field":"lp","address":4403107704,"bytes":8}
{"kind":"placement","mode":"main","cycle":0,"chain":0,"field":"values","address":41024438400,"bytes":64}
{"kind":"warmup","cycle":0,"chain":1,"requested_ms":500,"wall_ns":500015750.0,"gradients":5238760}
{"kind":"placement","mode":"main","cycle":0,"chain":1,"field":"gradient","address":6474395550016,"bytes":16}
{"kind":"placement","mode":"main","cycle":0,"chain":1,"field":"gradient_object","address":4403107760,"bytes":16}
{"kind":"placement","mode":"main","cycle":0,"chain":1,"field":"lp","address":4403107800,"bytes":8}
{"kind":"placement","mode":"main","cycle":0,"chain":1,"field":"values","address":41024438528,"bytes":64}
{"kind":"warmup","cycle":0,"chain":2,"requested_ms":500,"wall_ns":500008042.0,"gradients":4991464}
{"kind":"placement","mode":"main","cycle":0,"chain":2,"field":"gradient","address":6474395550160,"bytes":16}
{"kind":"placement","mode":"main","cycle":0,"chain":2,"field":"gradient_object","address":4403110688,"bytes":16}
{"kind":"placement","mode":"main","cycle":0,"chain":2,"field":"lp","address":4403110728,"bytes":8}
{"kind":"placement","mode":"main","cycle":0,"chain":2,"field":"values","address":41024438656,"bytes":64}
{"kind":"warmup","cycle":0,"chain":3,"requested_ms":500,"wall_ns":500015875.0,"gradients":4323560}
{"kind":"placement","mode":"main","cycle":0,"chain":3,"field":"gradient","address":6474395550304,"bytes":16}
{"kind":"placement","mode":"main","cycle":0,"chain":3,"field":"gradient_object","address":4403110784,"bytes":16}
{"kind":"placement","mode":"main","cycle":0,"chain":3,"field":"lp","address":4403110824,"bytes":8}
{"kind":"placement","mode":"main","cycle":0,"chain":3,"field":"values","address":41024438784,"bytes":64}
{"kind":"timing","cycle":0,"sample":0,"reps":128,"chains":4,"wall_ns":29125.0,"ns_per_gradient":56.8848}
{"kind":"memory","stage":"measured","cycle":0,"sample":0,"rss_bytes":39731200,"peak_rss_bytes":39731200}
{"kind":"first_gradient","cycle":0,"chain":0,"ns":7208.0}
{"kind":"first_gradient","cycle":0,"chain":1,"ns":3125.0}
{"kind":"first_gradient","cycle":0,"chain":2,"ns":3834.0}
{"kind":"first_gradient","cycle":0,"chain":3,"ns":3708.0}
{"kind":"memory","stage":"joined","cycle":0,"sample":-1,"rss_bytes":39665664,"peak_rss_bytes":39796736}
{"kind":"memory","stage":"destroyed","cycle":0,"sample":-1,"rss_bytes":39665664,"peak_rss_bytes":39796736}
