{"kind": "host", "numpy": "2.3.5", "build_id": "abi1-9c938837e3a3-Darwin-arm64-threads-align32-mimalloc-3.5.1-private-c"}
{"kind":"memory","stage":"start","cycle":-1,"sample":-1,"rss_bytes":45613056,"peak_rss_bytes":45613056}
{"kind":"prepare","cycle":0,"ns":11407708.0,"params":2,"ops":5,"slots":12,"slot_elements":262155,"adjoint_elements":8}
{"kind":"memory","stage":"prepared","cycle":0,"sample":-1,"rss_bytes":78086144,"peak_rss_bytes":78086144}
{"kind":"memory","stage":"warmed","cycle":0,"sample":-1,"rss_bytes":139542528,"peak_rss_bytes":139542528}
{"kind":"warmup","cycle":0,"chain":0,"requested_ms":500,"wall_ns":590454500.0,"gradients":1580}
{"kind":"placement","mode":"main","cycle":0,"chain":0,"field":"gradient","address":2245463376048,"bytes":16}
{"kind":"placement","mode":"main","cycle":0,"chain":0,"field":"gradient_object","address":42197745696,"bytes":16}
{"kind":"placement","mode":"main","cycle":0,"chain":0,"field":"lp","address":42197745736,"bytes":8}
{"kind":"placement","mode":"main","cycle":0,"chain":0,"field":"values","address":42197680320,"bytes":64}
{"kind":"warmup","cycle":0,"chain":1,"requested_ms":500,"wall_ns":552679542.0,"gradients":1588}
{"kind":"placement","mode":"main","cycle":0,"chain":1,"field":"gradient","address":2245463376192,"bytes":16}
{"kind":"placement","mode":"main","cycle":0,"chain":1,"field":"gradient_object","address":42197745792,"bytes":16}
{"kind":"placement","mode":"main","cycle":0,"chain":1,"field":"lp","address":42197745832,"bytes":8}
{"kind":"placement","mode":"main","cycle":0,"chain":1,"field":"values","address":42197680384,"bytes":64}
{"kind":"warmup","cycle":0,"chain":2,"requested_ms":500,"wall_ns":557605541.0,"gradients":1598}
{"kind":"placement","mode":"main","cycle":0,"chain":2,"field":"gradient","address":2245463376336,"bytes":16}
{"kind":"placement","mode":"main","cycle":0,"chain":2,"field":"gradient_object","address":42197745888,"bytes":16}
{"kind":"placement","mode":"main","cycle":0,"chain":2,"field":"lp","address":42197745928,"bytes":8}
{"kind":"placement","mode":"main","cycle":0,"chain":2,"field":"values","address":42197680512,"bytes":64}
{"kind":"warmup","cycle":0,"chain":3,"requested_ms":500,"wall_ns":547767834.0,"gradients":1598}
{"kind":"placement","mode":"main","cycle":0,"chain":3,"field":"gradient","address":2245463376480,"bytes":16}
{"kind":"placement","mode":"main","cycle":0,"chain":3,"field":"gradient_object","address":42197745984,"bytes":16}
{"kind":"placement","mode":"main","cycle":0,"chain":3,"field":"lp","address":42197746024,"bytes":8}
{"kind":"placement","mode":"main","cycle":0,"chain":3,"field":"values","address":42197680640,"bytes":64}
{"kind":"warmup","cycle":0,"chain":4,"requested_ms":500,"wall_ns":593550333.0,"gradients":1581}
{"kind":"placement","mode":"main","cycle":0,"chain":4,"field":"gradient","address":2245463376624,"bytes":16}
{"kind":"placement","mode":"main","cycle":0,"chain":4,"field":"gradient_object","address":42197746080,"bytes":16}
{"kind":"placement","mode":"main","cycle":0,"chain":4,"field":"lp","address":42197746120,"bytes":8}
{"kind":"placement","mode":"main","cycle":0,"chain":4,"field":"values","address":42197680832,"bytes":64}
{"kind":"warmup","cycle":0,"chain":5,"requested_ms":500,"wall_ns":552304833.0,"gradients":1585}
{"kind":"placement","mode":"main","cycle":0,"chain":5,"field":"gradient","address":2245463376768,"bytes":16}
{"kind":"placement","mode":"main","cycle":0,"chain":5,"field":"gradient_object","address":42197746176,"bytes":16}
{"kind":"placement","mode":"main","cycle":0,"chain":5,"field":"lp","address":42197746216,"bytes":8}
{"kind":"placement","mode":"main","cycle":0,"chain":5,"field":"values","address":42197681024,"bytes":64}
{"kind":"warmup","cycle":0,"chain":6,"requested_ms":500,"wall_ns":561804125.0,"gradients":1583}
{"kind":"placement","mode":"main","cycle":0,"chain":6,"field":"gradient","address":2245463376912,"bytes":16}
{"kind":"placement","mode":"main","cycle":0,"chain":6,"field":"gradient_object","address":42197746272,"bytes":16}
{"kind":"placement","mode":"main","cycle":0,"chain":6,"field":"lp","address":42197746312,"bytes":8}
{"kind":"placement","mode":"main","cycle":0,"chain":6,"field":"values","address":42197681152,"bytes":64}
{"kind":"warmup","cycle":0,"chain":7,"requested_ms":500,"wall_ns":552628750.0,"gradients":1590}
{"kind":"placement","mode":"main","cycle":0,"chain":7,"field":"gradient","address":2245463377056,"bytes":16}
{"kind":"placement","mode":"main","cycle":0,"chain":7,"field":"gradient_object","address":42197746368,"bytes":16}
{"kind":"placement","mode":"main","cycle":0,"chain":7,"field":"lp","address":42197746408,"bytes":8}
{"kind":"placement","mode":"main","cycle":0,"chain":7,"field":"values","address":42197681280,"bytes":64}
{"kind":"timing","cycle":0,"sample":0,"reps":128,"chains":8,"wall_ns":49018708.0,"ns_per_gradient":47869.8320}
{"kind":"memory","stage":"measured","cycle":0,"sample":0,"rss_bytes":139542528,"peak_rss_bytes":139542528}
{"kind":"first_gradient","cycle":0,"chain":0,"ns":2825000.0}
{"kind":"first_gradient","cycle":0,"chain":1,"ns":2883209.0}
{"kind":"first_gradient","cycle":0,"chain":2,"ns":2875958.0}
{"kind":"first_gradient","cycle":0,"chain":3,"ns":2897417.0}
{"kind":"first_gradient","cycle":0,"chain":4,"ns":2888916.0}
{"kind":"first_gradient","cycle":0,"chain":5,"ns":2862667.0}
{"kind":"first_gradient","cycle":0,"chain":6,"ns":2876459.0}
{"kind":"first_gradient","cycle":0,"chain":7,"ns":2901000.0}
{"kind":"memory","stage":"joined","cycle":0,"sample":-1,"rss_bytes":143884288,"peak_rss_bytes":143884288}
{"kind":"memory","stage":"destroyed","cycle":0,"sample":-1,"rss_bytes":143884288,"peak_rss_bytes":143884288}
