{"kind": "host", "numpy": "2.3.5", "build_id": "abi1-9c938837e3a3-Darwin-arm64-threads-align32"}
{"kind":"memory","stage":"start","cycle":-1,"sample":-1,"rss_bytes":37355520,"peak_rss_bytes":37355520}
{"kind":"prepare","cycle":0,"ns":271917.0,"params":2,"ops":5,"slots":12,"slot_elements":19,"adjoint_elements":8}
{"kind":"memory","stage":"prepared","cycle":0,"sample":-1,"rss_bytes":39092224,"peak_rss_bytes":39092224}
{"kind":"memory","stage":"warmed","cycle":0,"sample":-1,"rss_bytes":39370752,"peak_rss_bytes":39370752}
{"kind":"warmup","cycle":0,"chain":0,"requested_ms":500,"wall_ns":500010917.0,"gradients":4174568}
{"kind":"placement","mode":"main","cycle":0,"chain":0,"field":"gradient","address":32063702992,"bytes":16}
{"kind":"placement","mode":"main","cycle":0,"chain":0,"field":"gradient_object","address":4399395312,"bytes":16}
{"kind":"placement","mode":"main","cycle":0,"chain":0,"field":"lp","address":4399395352,"bytes":8}
{"kind":"placement","mode":"main","cycle":0,"chain":0,"field":"values","address":32063980288,"bytes":64}
{"kind":"warmup","cycle":0,"chain":1,"requested_ms":500,"wall_ns":500026334.0,"gradients":4188136}
{"kind":"placement","mode":"main","cycle":0,"chain":1,"field":"gradient","address":32063703040,"bytes":16}
{"kind":"placement","mode":"main","cycle":0,"chain":1,"field":"gradient_object","address":4399396624,"bytes":16}
{"kind":"placement","mode":"main","cycle":0,"chain":1,"field":"lp","address":4399396664,"bytes":8}
{"kind":"placement","mode":"main","cycle":0,"chain":1,"field":"values","address":32063980608,"bytes":64}
{"kind":"warmup","cycle":0,"chain":2,"requested_ms":500,"wall_ns":500023083.0,"gradients":4062952}
{"kind":"placement","mode":"main","cycle":0,"chain":2,"field":"gradient","address":32063703056,"bytes":16}
{"kind":"placement","mode":"main","cycle":0,"chain":2,"field":"gradient_object","address":4399403424,"bytes":16}
{"kind":"placement","mode":"main","cycle":0,"chain":2,"field":"lp","address":4399403464,"bytes":8}
{"kind":"placement","mode":"main","cycle":0,"chain":2,"field":"values","address":32063980160,"bytes":64}
{"kind":"warmup","cycle":0,"chain":3,"requested_ms":500,"wall_ns":500015458.0,"gradients":4383720}
{"kind":"placement","mode":"main","cycle":0,"chain":3,"field":"gradient","address":32063703072,"bytes":16}
{"kind":"placement","mode":"main","cycle":0,"chain":3,"field":"gradient_object","address":32052264992,"bytes":16}
{"kind":"placement","mode":"main","cycle":0,"chain":3,"field":"lp","address":32052265032,"bytes":8}
{"kind":"placement","mode":"main","cycle":0,"chain":3,"field":"values","address":32063980480,"bytes":64}
{"kind":"timing","cycle":0,"sample":0,"reps":128,"chains":4,"wall_ns":31875.0,"ns_per_gradient":62.2559}
{"kind":"memory","stage":"measured","cycle":0,"sample":0,"rss_bytes":39370752,"peak_rss_bytes":39370752}
{"kind":"first_gradient","cycle":0,"chain":0,"ns":7125.0}
{"kind":"first_gradient","cycle":0,"chain":1,"ns":2083.0}
{"kind":"first_gradient","cycle":0,"chain":2,"ns":2333.0}
{"kind":"first_gradient","cycle":0,"chain":3,"ns":3666.0}
{"kind":"memory","stage":"joined","cycle":0,"sample":-1,"rss_bytes":39305216,"peak_rss_bytes":39436288}
{"kind":"memory","stage":"destroyed","cycle":0,"sample":-1,"rss_bytes":39305216,"peak_rss_bytes":39436288}
