{"kind": "host", "numpy": "2.3.5", "build_id": "abi1-9c938837e3a3-Darwin-arm64-threads-align32-mimalloc-3.5.1-private-c"}
{"kind":"memory","stage":"start","cycle":-1,"sample":-1,"rss_bytes":37666816,"peak_rss_bytes":37666816}
{"kind":"prepare","cycle":0,"ns":341334.0,"params":2,"ops":5,"slots":12,"slot_elements":1035,"adjoint_elements":8}
{"kind":"memory","stage":"prepared","cycle":0,"sample":-1,"rss_bytes":39534592,"peak_rss_bytes":39534592}
{"kind":"memory","stage":"warmed","cycle":0,"sample":-1,"rss_bytes":39960576,"peak_rss_bytes":39960576}
{"kind":"warmup","cycle":0,"chain":0,"requested_ms":500,"wall_ns":500090917.0,"gradients":348904}
{"kind":"placement","mode":"main","cycle":0,"chain":0,"field":"gradient","address":2966212575408,"bytes":16}
{"kind":"placement","mode":"main","cycle":0,"chain":0,"field":"gradient_object","address":51880296576,"bytes":16}
{"kind":"placement","mode":"main","cycle":0,"chain":0,"field":"lp","address":51880296616,"bytes":8}
{"kind":"placement","mode":"main","cycle":0,"chain":0,"field":"values","address":51895167744,"bytes":64}
{"kind":"warmup","cycle":0,"chain":1,"requested_ms":500,"wall_ns":500153000.0,"gradients":347880}
{"kind":"placement","mode":"main","cycle":0,"chain":1,"field":"gradient","address":2966212575552,"bytes":16}
{"kind":"placement","mode":"main","cycle":0,"chain":1,"field":"gradient_object","address":51880296672,"bytes":16}
{"kind":"placement","mode":"main","cycle":0,"chain":1,"field":"lp","address":51880296712,"bytes":8}
{"kind":"placement","mode":"main","cycle":0,"chain":1,"field":"values","address":51895167872,"bytes":64}
{"kind":"warmup","cycle":0,"chain":2,"requested_ms":500,"wall_ns":500273708.0,"gradients":342248}
{"kind":"placement","mode":"main","cycle":0,"chain":2,"field":"gradient","address":2966212575696,"bytes":16}
{"kind":"placement","mode":"main","cycle":0,"chain":2,"field":"gradient_object","address":51880296768,"bytes":16}
{"kind":"placement","mode":"main","cycle":0,"chain":2,"field":"lp","address":51880296808,"bytes":8}
{"kind":"placement","mode":"main","cycle":0,"chain":2,"field":"values","address":51895168000,"bytes":64}
{"kind":"warmup","cycle":0,"chain":3,"requested_ms":500,"wall_ns":500049541.0,"gradients":349160}
{"kind":"placement","mode":"main","cycle":0,"chain":3,"field":"gradient","address":2966212575840,"bytes":16}
{"kind":"placement","mode":"main","cycle":0,"chain":3,"field":"gradient_object","address":51880296864,"bytes":16}
{"kind":"placement","mode":"main","cycle":0,"chain":3,"field":"lp","address":51880296904,"bytes":8}
{"kind":"placement","mode":"main","cycle":0,"chain":3,"field":"values","address":51895168128,"bytes":64}
{"kind":"timing","cycle":0,"sample":0,"reps":128,"chains":4,"wall_ns":200333.0,"ns_per_gradient":391.2754}
{"kind":"memory","stage":"measured","cycle":0,"sample":0,"rss_bytes":39960576,"peak_rss_bytes":39960576}
{"kind":"first_gradient","cycle":0,"chain":0,"ns":14833.0}
{"kind":"first_gradient","cycle":0,"chain":1,"ns":6833.0}
{"kind":"first_gradient","cycle":0,"chain":2,"ns":6333.0}
{"kind":"first_gradient","cycle":0,"chain":3,"ns":4792.0}
{"kind":"memory","stage":"joined","cycle":0,"sample":-1,"rss_bytes":39911424,"peak_rss_bytes":40026112}
{"kind":"memory","stage":"destroyed","cycle":0,"sample":-1,"rss_bytes":39911424,"peak_rss_bytes":40026112}
