{"kind": "host", "numpy": "2.3.5", "build_id": "abi1-9c938837e3a3-Darwin-arm64-threads-align32-mimalloc-3.5.1-private-c"}
{"kind":"memory","stage":"start","cycle":-1,"sample":-1,"rss_bytes":37748736,"peak_rss_bytes":37748736}
{"kind":"prepare","cycle":0,"ns":313500.0,"params":2,"ops":5,"slots":12,"slot_elements":1035,"adjoint_elements":8}
{"kind":"memory","stage":"prepared","cycle":0,"sample":-1,"rss_bytes":39600128,"peak_rss_bytes":39600128}
{"kind":"memory","stage":"warmed","cycle":0,"sample":-1,"rss_bytes":40026112,"peak_rss_bytes":40026112}
{"kind":"warmup","cycle":0,"chain":0,"requested_ms":500,"wall_ns":500084583.0,"gradients":349416}
{"kind":"placement","mode":"main","cycle":0,"chain":0,"field":"gradient","address":2611609338032,"bytes":16}
{"kind":"placement","mode":"main","cycle":0,"chain":0,"field":"gradient_object","address":4358817488,"bytes":16}
{"kind":"placement","mode":"main","cycle":0,"chain":0,"field":"lp","address":4358817528,"bytes":8}
{"kind":"placement","mode":"main","cycle":0,"chain":0,"field":"values","address":37971237184,"bytes":64}
{"kind":"warmup","cycle":0,"chain":1,"requested_ms":500,"wall_ns":500131083.0,"gradients":346344}
{"kind":"placement","mode":"main","cycle":0,"chain":1,"field":"gradient","address":2611609338176,"bytes":16}
{"kind":"placement","mode":"main","cycle":0,"chain":1,"field":"gradient_object","address":37971279904,"bytes":16}
{"kind":"placement","mode":"main","cycle":0,"chain":1,"field":"lp","address":37971279944,"bytes":8}
{"kind":"placement","mode":"main","cycle":0,"chain":1,"field":"values","address":37971237248,"bytes":64}
{"kind":"warmup","cycle":0,"chain":2,"requested_ms":500,"wall_ns":500029959.0,"gradients":344296}
{"kind":"placement","mode":"main","cycle":0,"chain":2,"field":"gradient","address":2611609338320,"bytes":16}
{"kind":"placement","mode":"main","cycle":0,"chain":2,"field":"gradient_object","address":37971280000,"bytes":16}
{"kind":"placement","mode":"main","cycle":0,"chain":2,"field":"lp","address":37971280040,"bytes":8}
{"kind":"placement","mode":"main","cycle":0,"chain":2,"field":"values","address":37971237376,"bytes":64}
{"kind":"warmup","cycle":0,"chain":3,"requested_ms":500,"wall_ns":500166834.0,"gradients":348904}
{"kind":"placement","mode":"main","cycle":0,"chain":3,"field":"gradient","address":2611609338464,"bytes":16}
{"kind":"placement","mode":"main","cycle":0,"chain":3,"field":"gradient_object","address":37971280096,"bytes":16}
{"kind":"placement","mode":"main","cycle":0,"chain":3,"field":"lp","address":37971280136,"bytes":8}
{"kind":"placement","mode":"main","cycle":0,"chain":3,"field":"values","address":37971237504,"bytes":64}
{"kind":"timing","cycle":0,"sample":0,"reps":128,"chains":4,"wall_ns":202375.0,"ns_per_gradient":395.2637}
{"kind":"memory","stage":"measured","cycle":0,"sample":0,"rss_bytes":40026112,"peak_rss_bytes":40026112}
{"kind":"first_gradient","cycle":0,"chain":0,"ns":9166.0}
{"kind":"first_gradient","cycle":0,"chain":1,"ns":5541.0}
{"kind":"first_gradient","cycle":0,"chain":2,"ns":5292.0}
{"kind":"first_gradient","cycle":0,"chain":3,"ns":4916.0}
{"kind":"memory","stage":"joined","cycle":0,"sample":-1,"rss_bytes":39976960,"peak_rss_bytes":40091648}
{"kind":"memory","stage":"destroyed","cycle":0,"sample":-1,"rss_bytes":39976960,"peak_rss_bytes":40091648}
