{"kind": "host", "numpy": "2.5.3", "build_id": "abi1-nogit-Linux-aarch64-threads-mimalloc-3.5.1-private-c"}
{"kind":"memory","stage":"start","cycle":-1,"sample":-1,"rss_bytes":41439232,"peak_rss_bytes":41312256}
{"kind":"prepare","cycle":0,"ns":494681.0,"params":2,"ops":5,"slots":12,"slot_elements":19,"adjoint_elements":8}
{"kind":"memory","stage":"prepared","cycle":0,"sample":-1,"rss_bytes":43384832,"peak_rss_bytes":43196416}
{"kind":"memory","stage":"warmed","cycle":0,"sample":-1,"rss_bytes":48381952,"peak_rss_bytes":48214016}
{"kind":"placement","mode":"worker","cycle":0,"chain":0,"field":"gradient","address":3716761518256,"bytes":16}
{"kind":"placement","mode":"worker","cycle":0,"chain":0,"field":"gradient_object","address":280684769840368,"bytes":16}
{"kind":"placement","mode":"worker","cycle":0,"chain":0,"field":"lp","address":280684769840408,"bytes":8}
{"kind":"placement","mode":"worker","cycle":0,"chain":0,"field":"values","address":280684769841728,"bytes":64}
{"kind":"placement","mode":"worker","cycle":0,"chain":1,"field":"gradient","address":3716759552176,"bytes":16}
{"kind":"placement","mode":"worker","cycle":0,"chain":1,"field":"gradient_object","address":280684971166960,"bytes":16}
{"kind":"placement","mode":"worker","cycle":0,"chain":1,"field":"lp","address":280684971167000,"bytes":8}
{"kind":"placement","mode":"worker","cycle":0,"chain":1,"field":"values","address":280684971168320,"bytes":64}
{"kind":"placement","mode":"worker","cycle":0,"chain":2,"field":"gradient","address":3716759748784,"bytes":16}
{"kind":"placement","mode":"worker","cycle":0,"chain":2,"field":"gradient_object","address":280684904058096,"bytes":16}
{"kind":"placement","mode":"worker","cycle":0,"chain":2,"field":"lp","address":280684904058136,"bytes":8}
{"kind":"placement","mode":"worker","cycle":0,"chain":2,"field":"values","address":280684904059456,"bytes":64}
{"kind":"placement","mode":"worker","cycle":0,"chain":3,"field":"gradient","address":3716758306992,"bytes":16}
{"kind":"placement","mode":"worker","cycle":0,"chain":3,"field":"gradient_object","address":280685038275824,"bytes":16}
{"kind":"placement","mode":"worker","cycle":0,"chain":3,"field":"lp","address":280685038275864,"bytes":8}
{"kind":"placement","mode":"worker","cycle":0,"chain":3,"field":"values","address":280685038277184,"bytes":64}
{"kind":"timing","cycle":0,"sample":0,"reps":20000000,"chains":4,"wall_ns":3528054437.0,"ns_per_gradient":44.1007}
{"kind":"memory","stage":"measured","cycle":0,"sample":0,"rss_bytes":56033280,"peak_rss_bytes":55877632}
{"kind":"first_gradient","cycle":0,"chain":0,"ns":7176.0}
{"kind":"first_gradient","cycle":0,"chain":1,"ns":5568.0}
{"kind":"first_gradient","cycle":0,"chain":2,"ns":2881.0}
{"kind":"first_gradient","cycle":0,"chain":3,"ns":84211.0}
{"kind":"memory","stage":"joined","cycle":0,"sample":-1,"rss_bytes":56147968,"peak_rss_bytes":56061952}
{"kind":"memory","stage":"destroyed","cycle":0,"sample":-1,"rss_bytes":56147968,"peak_rss_bytes":56061952}
