{"kind": "host", "numpy": "2.5.3", "build_id": "abi1-nogit-Linux-aarch64-threads"}
{"kind":"memory","stage":"start","cycle":-1,"sample":-1,"rss_bytes":39063552,"peak_rss_bytes":38940672}
{"kind":"prepare","cycle":0,"ns":377637.0,"params":2,"ops":5,"slots":12,"slot_elements":19,"adjoint_elements":8}
{"kind":"memory","stage":"prepared","cycle":0,"sample":-1,"rss_bytes":41144320,"peak_rss_bytes":41037824}
{"kind":"memory","stage":"warmed","cycle":0,"sample":-1,"rss_bytes":41783296,"peak_rss_bytes":41562112}
{"kind":"placement","mode":"worker","cycle":0,"chain":0,"field":"gradient","address":280629740638928,"bytes":16}
{"kind":"placement","mode":"worker","cycle":0,"chain":0,"field":"gradient_object","address":280629740637712,"bytes":16}
{"kind":"placement","mode":"worker","cycle":0,"chain":0,"field":"lp","address":280629740637752,"bytes":8}
{"kind":"placement","mode":"worker","cycle":0,"chain":0,"field":"values","address":280629740639072,"bytes":64}
{"kind":"placement","mode":"worker","cycle":0,"chain":1,"field":"gradient","address":280629606421200,"bytes":16}
{"kind":"placement","mode":"worker","cycle":0,"chain":1,"field":"gradient_object","address":280629606419984,"bytes":16}
{"kind":"placement","mode":"worker","cycle":0,"chain":1,"field":"lp","address":280629606420024,"bytes":8}
{"kind":"placement","mode":"worker","cycle":0,"chain":1,"field":"values","address":280629606421344,"bytes":64}
{"kind":"placement","mode":"worker","cycle":0,"chain":2,"field":"gradient","address":280629472203472,"bytes":16}
{"kind":"placement","mode":"worker","cycle":0,"chain":2,"field":"gradient_object","address":280629472202256,"bytes":16}
{"kind":"placement","mode":"worker","cycle":0,"chain":2,"field":"lp","address":280629472202296,"bytes":8}
{"kind":"placement","mode":"worker","cycle":0,"chain":2,"field":"values","address":280629472203616,"bytes":64}
{"kind":"placement","mode":"worker","cycle":0,"chain":3,"field":"gradient","address":280629539312336,"bytes":16}
{"kind":"placement","mode":"worker","cycle":0,"chain":3,"field":"gradient_object","address":280629539311120,"bytes":16}
{"kind":"placement","mode":"worker","cycle":0,"chain":3,"field":"lp","address":280629539311160,"bytes":8}
{"kind":"placement","mode":"worker","cycle":0,"chain":3,"field":"values","address":280629539312480,"bytes":64}
{"kind":"timing","cycle":0,"sample":0,"reps":20000000,"chains":4,"wall_ns":3694434197.0,"ns_per_gradient":46.1804}
{"kind":"memory","stage":"measured","cycle":0,"sample":0,"rss_bytes":41783296,"peak_rss_bytes":41562112}
{"kind":"first_gradient","cycle":0,"chain":0,"ns":3104.0}
{"kind":"first_gradient","cycle":0,"chain":1,"ns":5392.0}
{"kind":"first_gradient","cycle":0,"chain":2,"ns":5360.0}
{"kind":"first_gradient","cycle":0,"chain":3,"ns":17473.0}
{"kind":"memory","stage":"joined","cycle":0,"sample":-1,"rss_bytes":41828352,"peak_rss_bytes":41562112}
{"kind":"memory","stage":"destroyed","cycle":0,"sample":-1,"rss_bytes":41828352,"peak_rss_bytes":41562112}
