{"kind": "host", "numpy": "2.5.3", "build_id": "abi1-nogit-Linux-x86_64-threads-mimalloc-3.5.1-private-c"}
{"kind":"memory","stage":"start","cycle":-1,"sample":-1,"rss_bytes":42348544,"peak_rss_bytes":42348544}
{"kind":"prepare","cycle":0,"ns":501430.0,"params":2,"ops":5,"slots":12,"slot_elements":19,"adjoint_elements":8}
{"kind":"memory","stage":"prepared","cycle":0,"sample":-1,"rss_bytes":45019136,"peak_rss_bytes":44838912}
{"kind":"memory","stage":"warmed","cycle":0,"sample":-1,"rss_bytes":49688576,"peak_rss_bytes":49618944}
{"kind":"placement","mode":"worker","cycle":0,"chain":0,"field":"gradient","address":5531918860464,"bytes":16}
{"kind":"placement","mode":"worker","cycle":0,"chain":0,"field":"gradient_object","address":140486501207440,"bytes":16}
{"kind":"placement","mode":"worker","cycle":0,"chain":0,"field":"lp","address":140486501207480,"bytes":8}
{"kind":"placement","mode":"worker","cycle":0,"chain":0,"field":"values","address":140486501208800,"bytes":64}
{"kind":"placement","mode":"worker","cycle":0,"chain":1,"field":"gradient","address":5531920105648,"bytes":16}
{"kind":"placement","mode":"worker","cycle":0,"chain":1,"field":"gradient_object","address":140486366989712,"bytes":16}
{"kind":"placement","mode":"worker","cycle":0,"chain":1,"field":"lp","address":140486366989752,"bytes":8}
{"kind":"placement","mode":"worker","cycle":0,"chain":1,"field":"values","address":140486366991072,"bytes":64}
{"kind":"placement","mode":"worker","cycle":0,"chain":2,"field":"gradient","address":5531920302256,"bytes":16}
{"kind":"placement","mode":"worker","cycle":0,"chain":2,"field":"gradient_object","address":140486434098576,"bytes":16}
{"kind":"placement","mode":"worker","cycle":0,"chain":2,"field":"lp","address":140486434098616,"bytes":8}
{"kind":"placement","mode":"worker","cycle":0,"chain":2,"field":"values","address":140486434099936,"bytes":64}
{"kind":"placement","mode":"worker","cycle":0,"chain":3,"field":"gradient","address":5531922071728,"bytes":16}
{"kind":"placement","mode":"worker","cycle":0,"chain":3,"field":"gradient_object","address":140486232771984,"bytes":16}
{"kind":"placement","mode":"worker","cycle":0,"chain":3,"field":"lp","address":140486232772024,"bytes":8}
{"kind":"placement","mode":"worker","cycle":0,"chain":3,"field":"values","address":140486232773344,"bytes":64}
{"kind":"timing","cycle":0,"sample":0,"reps":20000000,"chains":4,"wall_ns":6547547931.0,"ns_per_gradient":81.8443}
{"kind":"memory","stage":"measured","cycle":0,"sample":0,"rss_bytes":57290752,"peak_rss_bytes":57196544}
{"kind":"first_gradient","cycle":0,"chain":0,"ns":251495.0}
{"kind":"first_gradient","cycle":0,"chain":1,"ns":4763.0}
{"kind":"first_gradient","cycle":0,"chain":2,"ns":3121.0}
{"kind":"first_gradient","cycle":0,"chain":3,"ns":4103.0}
{"kind":"memory","stage":"joined","cycle":0,"sample":-1,"rss_bytes":57401344,"peak_rss_bytes":57339904}
{"kind":"memory","stage":"destroyed","cycle":0,"sample":-1,"rss_bytes":57401344,"peak_rss_bytes":57339904}
