{"kind": "host", "numpy": "2.5.3", "build_id": "abi1-nogit-Linux-x86_64-threads"}
{"kind":"memory","stage":"start","cycle":-1,"sample":-1,"rss_bytes":40013824,"peak_rss_bytes":39919616}
{"kind":"prepare","cycle":0,"ns":521931.0,"params":2,"ops":5,"slots":12,"slot_elements":19,"adjoint_elements":8}
{"kind":"memory","stage":"prepared","cycle":0,"sample":-1,"rss_bytes":42950656,"peak_rss_bytes":42803200}
{"kind":"memory","stage":"warmed","cycle":0,"sample":-1,"rss_bytes":43376640,"peak_rss_bytes":43196416}
{"kind":"placement","mode":"worker","cycle":0,"chain":0,"field":"gradient","address":140668567622480,"bytes":16}
{"kind":"placement","mode":"worker","cycle":0,"chain":0,"field":"gradient_object","address":140668567621264,"bytes":16}
{"kind":"placement","mode":"worker","cycle":0,"chain":0,"field":"lp","address":140668567621304,"bytes":8}
{"kind":"placement","mode":"worker","cycle":0,"chain":0,"field":"values","address":140668567622624,"bytes":64}
{"kind":"placement","mode":"worker","cycle":0,"chain":1,"field":"gradient","address":140668164969296,"bytes":16}
{"kind":"placement","mode":"worker","cycle":0,"chain":1,"field":"gradient_object","address":140668164968080,"bytes":16}
{"kind":"placement","mode":"worker","cycle":0,"chain":1,"field":"lp","address":140668164968120,"bytes":8}
{"kind":"placement","mode":"worker","cycle":0,"chain":1,"field":"values","address":140668164969440,"bytes":64}
{"kind":"placement","mode":"worker","cycle":0,"chain":2,"field":"gradient","address":140668433404752,"bytes":16}
{"kind":"placement","mode":"worker","cycle":0,"chain":2,"field":"gradient_object","address":140668433403536,"bytes":16}
{"kind":"placement","mode":"worker","cycle":0,"chain":2,"field":"lp","address":140668433403576,"bytes":8}
{"kind":"placement","mode":"worker","cycle":0,"chain":2,"field":"values","address":140668433404896,"bytes":64}
{"kind":"placement","mode":"worker","cycle":0,"chain":3,"field":"gradient","address":140668299187024,"bytes":16}
{"kind":"placement","mode":"worker","cycle":0,"chain":3,"field":"gradient_object","address":140668299185808,"bytes":16}
{"kind":"placement","mode":"worker","cycle":0,"chain":3,"field":"lp","address":140668299185848,"bytes":8}
{"kind":"placement","mode":"worker","cycle":0,"chain":3,"field":"values","address":140668299187168,"bytes":64}
{"kind":"timing","cycle":0,"sample":0,"reps":20000000,"chains":4,"wall_ns":6838508087.0,"ns_per_gradient":85.4814}
{"kind":"memory","stage":"measured","cycle":0,"sample":0,"rss_bytes":43376640,"peak_rss_bytes":43196416}
{"kind":"first_gradient","cycle":0,"chain":0,"ns":20771.0}
{"kind":"first_gradient","cycle":0,"chain":1,"ns":3219.0}
{"kind":"first_gradient","cycle":0,"chain":2,"ns":8686.0}
{"kind":"first_gradient","cycle":0,"chain":3,"ns":5113.0}
{"kind":"memory","stage":"joined","cycle":0,"sample":-1,"rss_bytes":43495424,"peak_rss_bytes":43196416}
{"kind":"memory","stage":"destroyed","cycle":0,"sample":-1,"rss_bytes":43495424,"peak_rss_bytes":43196416}
