{"kind": "host", "numpy": "2.3.5", "build_id": "abi1-1e5f396ac981-Darwin-arm64-threads-align32-mimalloc-3.5.1-private-c"}
{"kind":"memory","stage":"start","cycle":-1,"sample":-1,"rss_bytes":45547520,"peak_rss_bytes":45547520}
{"kind":"prepare","cycle":0,"ns":10923083.0,"params":2,"ops":5,"slots":12,"slot_elements":262155,"adjoint_elements":8}
{"kind":"memory","stage":"prepared","cycle":0,"sample":-1,"rss_bytes":77955072,"peak_rss_bytes":77955072}
{"kind":"memory","stage":"warmed","cycle":0,"sample":-1,"rss_bytes":139427840,"peak_rss_bytes":139427840}
{"kind":"placement","mode":"main","cycle":0,"chain":0,"field":"gradient","address":6292396310704,"bytes":16}
{"kind":"placement","mode":"main","cycle":0,"chain":0,"field":"gradient_object","address":54508290080,"bytes":16}
{"kind":"placement","mode":"main","cycle":0,"chain":0,"field":"lp","address":54508290120,"bytes":8}
{"kind":"placement","mode":"main","cycle":0,"chain":0,"field":"values","address":54515286848,"bytes":64}
{"kind":"placement","mode":"main","cycle":0,"chain":1,"field":"gradient","address":6292396310848,"bytes":16}
{"kind":"placement","mode":"main","cycle":0,"chain":1,"field":"gradient_object","address":54508290176,"bytes":16}
{"kind":"placement","mode":"main","cycle":0,"chain":1,"field":"lp","address":54508290216,"bytes":8}
{"kind":"placement","mode":"main","cycle":0,"chain":1,"field":"values","address":54515286720,"bytes":64}
{"kind":"placement","mode":"main","cycle":0,"chain":2,"field":"gradient","address":6292396310992,"bytes":16}
{"kind":"placement","mode":"main","cycle":0,"chain":2,"field":"gradient_object","address":54508290272,"bytes":16}
{"kind":"placement","mode":"main","cycle":0,"chain":2,"field":"lp","address":54508290312,"bytes":8}
{"kind":"placement","mode":"main","cycle":0,"chain":2,"field":"values","address":54515286784,"bytes":64}
{"kind":"placement","mode":"main","cycle":0,"chain":3,"field":"gradient","address":6292396311136,"bytes":16}
{"kind":"placement","mode":"main","cycle":0,"chain":3,"field":"gradient_object","address":54508290368,"bytes":16}
{"kind":"placement","mode":"main","cycle":0,"chain":3,"field":"lp","address":54508290408,"bytes":8}
{"kind":"placement","mode":"main","cycle":0,"chain":3,"field":"values","address":54515287104,"bytes":64}
{"kind":"placement","mode":"main","cycle":0,"chain":4,"field":"gradient","address":6292396311280,"bytes":16}
{"kind":"placement","mode":"main","cycle":0,"chain":4,"field":"gradient_object","address":54508290464,"bytes":16}
{"kind":"placement","mode":"main","cycle":0,"chain":4,"field":"lp","address":54508290504,"bytes":8}
{"kind":"placement","mode":"main","cycle":0,"chain":4,"field":"values","address":54515287232,"bytes":64}
{"kind":"placement","mode":"main","cycle":0,"chain":5,"field":"gradient","address":6292396311424,"bytes":16}
{"kind":"placement","mode":"main","cycle":0,"chain":5,"field":"gradient_object","address":54508290560,"bytes":16}
{"kind":"placement","mode":"main","cycle":0,"chain":5,"field":"lp","address":54508290600,"bytes":8}
{"kind":"placement","mode":"main","cycle":0,"chain":5,"field":"values","address":54515287360,"bytes":64}
{"kind":"placement","mode":"main","cycle":0,"chain":6,"field":"gradient","address":6292396311568,"bytes":16}
{"kind":"placement","mode":"main","cycle":0,"chain":6,"field":"gradient_object","address":54508290656,"bytes":16}
{"kind":"placement","mode":"main","cycle":0,"chain":6,"field":"lp","address":54508290696,"bytes":8}
{"kind":"placement","mode":"main","cycle":0,"chain":6,"field":"values","address":54515287488,"bytes":64}
{"kind":"placement","mode":"main","cycle":0,"chain":7,"field":"gradient","address":6292396311712,"bytes":16}
{"kind":"placement","mode":"main","cycle":0,"chain":7,"field":"gradient_object","address":54508290752,"bytes":16}
{"kind":"placement","mode":"main","cycle":0,"chain":7,"field":"lp","address":54508290792,"bytes":8}
{"kind":"placement","mode":"main","cycle":0,"chain":7,"field":"values","address":54515287616,"bytes":64}
{"kind":"timing","cycle":0,"sample":0,"reps":64000,"chains":8,"wall_ns":24042660667.0,"ns_per_gradient":46958.3216}
{"kind":"memory","stage":"measured","cycle":0,"sample":0,"rss_bytes":139427840,"peak_rss_bytes":139427840}
{"kind":"first_gradient","cycle":0,"chain":0,"ns":3229250.0}
{"kind":"first_gradient","cycle":0,"chain":1,"ns":3081500.0}
{"kind":"first_gradient","cycle":0,"chain":2,"ns":3193541.0}
{"kind":"first_gradient","cycle":0,"chain":3,"ns":3202375.0}
{"kind":"first_gradient","cycle":0,"chain":4,"ns":3222584.0}
{"kind":"first_gradient","cycle":0,"chain":5,"ns":3175000.0}
{"kind":"first_gradient","cycle":0,"chain":6,"ns":3150083.0}
{"kind":"first_gradient","cycle":0,"chain":7,"ns":3199916.0}
{"kind":"memory","stage":"joined","cycle":0,"sample":-1,"rss_bytes":143769600,"peak_rss_bytes":143769600}
{"kind":"memory","stage":"destroyed","cycle":0,"sample":-1,"rss_bytes":143769600,"peak_rss_bytes":143769600}
