{"kind": "host", "numpy": "2.3.5", "build_id": "abi1-9c57bfc29cca-Darwin-arm64-threads-align32"}
{"kind":"memory","stage":"start","cycle":-1,"sample":-1,"rss_bytes":45154304,"peak_rss_bytes":45154304}
{"kind":"prepare","cycle":0,"ns":11302917.0,"params":2,"ops":5,"slots":12,"slot_elements":262155,"adjoint_elements":8}
{"kind":"memory","stage":"prepared","cycle":0,"sample":-1,"rss_bytes":77545472,"peak_rss_bytes":77545472}
{"kind":"memory","stage":"warmed","cycle":0,"sample":-1,"rss_bytes":143015936,"peak_rss_bytes":143015936}
{"kind":"placement","mode":"main","cycle":0,"chain":0,"field":"gradient","address":37026988048,"bytes":16}
{"kind":"placement","mode":"main","cycle":0,"chain":0,"field":"gradient_object","address":37027004448,"bytes":16}
{"kind":"placement","mode":"main","cycle":0,"chain":0,"field":"lp","address":37027004488,"bytes":8}
{"kind":"placement","mode":"main","cycle":0,"chain":0,"field":"values","address":37027020800,"bytes":64}
{"kind":"placement","mode":"main","cycle":0,"chain":1,"field":"gradient","address":37026988176,"bytes":16}
{"kind":"placement","mode":"main","cycle":0,"chain":1,"field":"gradient_object","address":37027004640,"bytes":16}
{"kind":"placement","mode":"main","cycle":0,"chain":1,"field":"lp","address":37027004680,"bytes":8}
{"kind":"placement","mode":"main","cycle":0,"chain":1,"field":"values","address":37027020928,"bytes":64}
{"kind":"placement","mode":"main","cycle":0,"chain":2,"field":"gradient","address":37026988320,"bytes":16}
{"kind":"placement","mode":"main","cycle":0,"chain":2,"field":"gradient_object","address":37027004832,"bytes":16}
{"kind":"placement","mode":"main","cycle":0,"chain":2,"field":"lp","address":37027004872,"bytes":8}
{"kind":"placement","mode":"main","cycle":0,"chain":2,"field":"values","address":37027021056,"bytes":64}
{"kind":"placement","mode":"main","cycle":0,"chain":3,"field":"gradient","address":37026988464,"bytes":16}
{"kind":"placement","mode":"main","cycle":0,"chain":3,"field":"gradient_object","address":37027005024,"bytes":16}
{"kind":"placement","mode":"main","cycle":0,"chain":3,"field":"lp","address":37027005064,"bytes":8}
{"kind":"placement","mode":"main","cycle":0,"chain":3,"field":"values","address":37027021184,"bytes":64}
{"kind":"placement","mode":"main","cycle":0,"chain":4,"field":"gradient","address":37026988608,"bytes":16}
{"kind":"placement","mode":"main","cycle":0,"chain":4,"field":"gradient_object","address":37027005216,"bytes":16}
{"kind":"placement","mode":"main","cycle":0,"chain":4,"field":"lp","address":37027005256,"bytes":8}
{"kind":"placement","mode":"main","cycle":0,"chain":4,"field":"values","address":37027021312,"bytes":64}
{"kind":"placement","mode":"main","cycle":0,"chain":5,"field":"gradient","address":37026988752,"bytes":16}
{"kind":"placement","mode":"main","cycle":0,"chain":5,"field":"gradient_object","address":37027005408,"bytes":16}
{"kind":"placement","mode":"main","cycle":0,"chain":5,"field":"lp","address":37027005448,"bytes":8}
{"kind":"placement","mode":"main","cycle":0,"chain":5,"field":"values","address":37027021440,"bytes":64}
{"kind":"placement","mode":"main","cycle":0,"chain":6,"field":"gradient","address":37026988896,"bytes":16}
{"kind":"placement","mode":"main","cycle":0,"chain":6,"field":"gradient_object","address":37027005600,"bytes":16}
{"kind":"placement","mode":"main","cycle":0,"chain":6,"field":"lp","address":37027005640,"bytes":8}
{"kind":"placement","mode":"main","cycle":0,"chain":6,"field":"values","address":37027021568,"bytes":64}
{"kind":"placement","mode":"main","cycle":0,"chain":7,"field":"gradient","address":37026989040,"bytes":16}
{"kind":"placement","mode":"main","cycle":0,"chain":7,"field":"gradient_object","address":37027005792,"bytes":16}
{"kind":"placement","mode":"main","cycle":0,"chain":7,"field":"lp","address":37027005832,"bytes":8}
{"kind":"placement","mode":"main","cycle":0,"chain":7,"field":"values","address":37027021696,"bytes":64}
{"kind":"timing","cycle":0,"sample":0,"reps":64000,"chains":8,"wall_ns":23189926000.0,"ns_per_gradient":45292.8242}
{"kind":"memory","stage":"measured","cycle":0,"sample":0,"rss_bytes":170377216,"peak_rss_bytes":170377216}
{"kind":"first_gradient","cycle":0,"chain":0,"ns":1109083.0}
{"kind":"first_gradient","cycle":0,"chain":1,"ns":1080334.0}
{"kind":"first_gradient","cycle":0,"chain":2,"ns":1478500.0}
{"kind":"first_gradient","cycle":0,"chain":3,"ns":1420750.0}
{"kind":"first_gradient","cycle":0,"chain":4,"ns":1543542.0}
{"kind":"first_gradient","cycle":0,"chain":5,"ns":1283583.0}
{"kind":"first_gradient","cycle":0,"chain":6,"ns":1361500.0}
{"kind":"first_gradient","cycle":0,"chain":7,"ns":1394917.0}
{"kind":"memory","stage":"joined","cycle":0,"sample":-1,"rss_bytes":170246144,"peak_rss_bytes":170426368}
{"kind":"memory","stage":"destroyed","cycle":0,"sample":-1,"rss_bytes":170246144,"peak_rss_bytes":170426368}
